

... openswan with certificates authentication
...
... we use certificates instead of passphrase is /etc/ipsec.secrets when
... we configure openswan to use certificates as authentication. the private
... key is loaded from the .key file while public key is loaded from .pem file
... of the certificate.

... public key is loaded to openswan from the following

root@deb-7:/etc/ipsec.d# cd certs
root@deb-7:/etc/ipsec.d/certs# pwd
/etc/ipsec.d/certs
root@deb-7:/etc/ipsec.d/certs# ls
deb-7Cert.pem
root@deb-7:/etc/ipsec.d/certs# cat deb-7Cert.pem
-----BEGIN CERTIFICATE-----
MIIC7TCCAdWgAwIBAgIJAPY09kM8qVRIMA0GCSqGSIb3DQEBCwUAMA0xCzAJBgNV
BAYTAkFUMB4XDTE3MDMyNjAwMzQxM1oXDTIxMDUwNDAwMzQxM1owDTELMAkGA1UE
BhMCQVQwggEiMA0GCSqGSIb3DQEBAQUAA4IBDwAwggEKAoIBAQCnSHDKOzbpmofA
GZZmESn2MnvOmd+MhRiXz1OiXfQlhA1JRLhMRh9ezK/uona1Ll2MzJPX76q0WE9U
46oqYzDocQYdYz8C9uvhbzaCwApiM2zT1xHMDygsRorcE0ee/+wF2Zba4QwYtY8m
3R9GFX3sBkc28oW7KmxMo2pYsi9pS4bwLaltPmZKnKG+mDhNT0Pn9dhWSi+hSA3A
b112Dlxvx2MOnIGTqprHU9aN/FwdPaPt3s8JX2aRrRP4WYHrl7RogkLKVl5fXaCH
MD0kMpu6kLgvCNzZYe6bJzDcq2EGCHnWlZDF+KU2grtLTemgaVdb0I2w2lnohzNL
iQvD/3xDAgMBAAGjUDBOMB0GA1UdDgQWBBTYQbp3NHJUj4fusZWQN8zF8pQzSDAf
BgNVHSMEGDAWgBTYQbp3NHJUj4fusZWQN8zF8pQzSDAMBgNVHRMEBTADAQH/MA0G
CSqGSIb3DQEBCwUAA4IBAQBOZ2IgjS1+acvpUHsXwfcCx2bD+ooxFBiizwiXR5m+
vHEM5NFz0f1+/unP2QvLldQ2qm77bLhjdU/0Ti4XUY2xt1B0eZJqGMW2nalvbMbA
KAnzD/LMZ4pcuVrZxSr6Q+X9ncQdJz02LGG38O+QrJSstt6YqdydWeUWl3uvkluh
mnyjx+7Lw/3arsOlF/279954yZVzPuZAkGiXcTgmkdFfJzLHL5IOzeGBmOSOetS6
tsgkS1RxJj5Itk+sl1LSJHvv6RD9dqI2eg8tqyPc93YmUUA2JmSgzb4zWBDraX2R
ybYaF6xgOMzV+zyJJm/QA1U1X6RPla22vDNarbETxaUJ
-----END CERTIFICATE-----
root@deb-7:/etc/ipsec.d/certs# pwd

... where as private key is loaded from

root@deb-7:/etc/ipsec.d# cd private/
root@deb-7:/etc/ipsec.d/private# pwd
/etc/ipsec.d/private
root@deb-7:/etc/ipsec.d/private# ls
deb-7Key.pem
root@deb-7:/etc/ipsec.d/private#
root@deb-7:/etc/ipsec.d/private# cat deb-7Key.pem
-----BEGIN PRIVATE KEY-----
MIIEvgIBADANBgkqhkiG9w0BAQEFAASCBKgwggSkAgEAAoIBAQCnSHDKOzbpmofA
GZZmESn2MnvOmd+MhRiXz1OiXfQlhA1JRLhMRh9ezK/uona1Ll2MzJPX76q0WE9U
46oqYzDocQYdYz8C9uvhbzaCwApiM2zT1xHMDygsRorcE0ee/+wF2Zba4QwYtY8m
3R9GFX3sBkc28oW7KmxMo2pYsi9pS4bwLaltPmZKnKG+mDhNT0Pn9dhWSi+hSA3A
b112Dlxvx2MOnIGTqprHU9aN/FwdPaPt3s8JX2aRrRP4WYHrl7RogkLKVl5fXaCH
MD0kMpu6kLgvCNzZYe6bJzDcq2EGCHnWlZDF+KU2grtLTemgaVdb0I2w2lnohzNL
iQvD/3xDAgMBAAECggEAS5hA4CLCPe7HSdhGTvmSrN9Dc6m1jBrZckEO2mD647k5
B9M2NcG6i2yUVJK2cknxnJ8WcI6t5bHCp+n6DA2nHGN3D/C5mO1cyxMm3w9Jofb7
Rv/52u0+ikOWnL1ZsFCWqE4cDe2FOeVSO43RhCpSLUbpB7uxE1OofTmb5Vkgc8Qi
WndppdJcIF1Srx8rXoz0p/bxQW7zFuj00lJoFYWrohEPJbgmGMwbNK8RVvc3SPeb
tTfEDb4WRLQsgj4c7OKNPOvrwNmcMQt/hO/3hgM4bz42Ly8OW/QgQzjxtDky7QWC
Q9gqVPAjwzuUKqDENpLMKtAqH+qN81VhtmtWv6MsAQKBgQDcsdpbQXp1Z+baePPq
bf+XQZ0ODu+Yu9sFvq0mnmQkV8JzmAdde8Mbjv7V9nNitD6iAUX/PCUeZrz8dLmq
xkqZ9RdoLi3XXHl5yRfnXIPqtoiVheMQiMLC8bQajhZf4XTxqfnTtgQxUVxiwght
LsPhERsXgl2Y1wEzK4kwz8EQIQKBgQDCCzT7NnMEOXuqHuaZZ+IcN+Fau83B26P5
hpsfZo1NvZjo54N5ayTegSEWHXow3kmDQ/mLSzQpcLDgafJGzMqYczMuT8Syn4XS
ydr1eBCftN1aSANhudlt2IgRE26h76vhKTLrjrBVBjXFmqexEvxubd6iKVRjUR1C
0tn8DVRP4wKBgE6BkexeaYJ0OIHE/veIs6AJviWvGHobcTkk8BFJzNPEyC44iX4u
tWQLRQm1xqv49ELK8yxtJ8MdxuKDXzyplwYXUoFD1BjFE41IBJHPrjmDPyj5XKGY
FLgmJOxBWSI4YFJLJcyy9eDZUWTsIvU76oAYhquhO0xQR2P9e6r6bHIhAoGBAL5e
kFQFT0HNw21bc5D9Qe+9QvHpXivaeDzNulJMIkUqxWF6AJqWa02AEh3IPaDD9As8
HQ5zcXFWhbElP/QF5p06J/Q/fhJgPsJWFuLMMEL/BksUa3ztAEusK5HVJqzonhAA
g1xmWMiRlx+OYwZuQgl08P7W3VuysKpmgkWuLhFRAoGBAM1XYp/TkOxWRcX+TKi9
Ljy6vVa6jJ4sU2kK6BuqJlcICMxEZUEUH/qFvoB1zB2afjphIhz/lHZlu0yhSpkn
7yiGFZvwkyI2f4arH9+WDoFlUtgcEZ26KmyTAL1yAXkPWfyHM/Bs3P8lAEQapuhu
daWviGK0TTH303aQ1GYTqquY
-----END PRIVATE KEY-----
root@deb-7:/etc/ipsec.d/private#

... if we want to load private key which is passphrase protected
... we have to provide the passphrase in /etc/ipsec.secrets file
... otherwise loading will fail and eventually openswan will fail
... to authenticate.

... the other corresponding certificates file can be found from

CA certificate 					/etc/ipsec.d/cacerts
Certificates with public keys   /etc/ipsec.d/certs
Private keys  					/etc/ipsec.d/private
Certificate Revocation Lists  	/etc/ipsec.d/crls
OCSP  							/etc/ipsec.d/ocspcerts

.... generating certificate using openssl


... first create the certificates to be used.


... A part configuration
**********************************************************************

root@deb-7:~/openswan_conf# openssl genrsa -out deb7.9.key 1024
Generating RSA private key, 1024 bit long modulus
...................................++++++
..................++++++
e is 65537 (0x10001)
root@deb-7:~/openswan_conf#
root@deb-7:~/openswan_conf#
root@deb-7:~/openswan_conf# ls
command.sh  deb7.9.key
root@deb-7:~/openswan_conf#
root@deb-7:~/openswan_conf#  openssl req -new -key deb7.9.key -x509 -out deb7.9.cert
You are about to be asked to enter information that will be incorporated
into your certificate request.
What you are about to enter is what is called a Distinguished Name or a DN.
There are quite a few fields but you can leave some blank
For some fields there will be a default value,
If you enter '.', the field will be left blank.
-----
Country Name (2 letter code) [AU]:
State or Province Name (full name) [Some-State]:
Locality Name (eg, city) []:
Organization Name (eg, company) [Internet Widgits Pty Ltd]:
Organizational Unit Name (eg, section) []:
Common Name (e.g. server FQDN or YOUR name) []:deb7.9
Email Address []:deb7.9@gmail.com
root@deb-7:~/openswan_conf#
root@deb-7:~/openswan_conf# ls
command.sh  deb7.9.cert  deb7.9.key
root@deb-7:~/openswan_conf#
root@deb-7:~/openswan_conf#
root@deb-7:~/openswan_conf# cp deb7.9.cert /etc/ipsec.d/certs/
root@deb-7:~/openswan_conf# cp deb7.9.key /etc/ipsec.d/private/
root@deb-7:~/openswan_conf#
root@deb-7:~/openswan_conf#


root@deb-7:~# cat /etc/ipsec.conf
version 2.0
config setup
        nat_traversal=yes
        virtual_private=%v4:10.0.0.0/8,%v4:192.168.0.0/16,%v4:172.16.0.0/12
        oe=off
        protostack=netkey

conn linux-linux
        authby=rsasig
        auto=start
        type=tunnel
        left=192.168.179.128
        leftcert=deb7.9cert
        right=192.168.179.129
        rightcert=deb7.cert

root@deb-7:~#
root@deb-7:~# cat /etc/ipsec.secrets

# this file is managed with debconf and will contain the automatically created RSA keys
#include /var/lib/openswan/ipsec.secrets.inc

192.168.179.128 192.168.179.129: RSA /etc/ipsec.d/private/deb7.9.key
root@deb-7:~#


... B part configuration
**********************************************
root@debian7:~/openswan_doc# openssl genrsa -out deb7.key 1024
Generating RSA private key, 1024 bit long modulus
..............++++++
...........++++++
e is 65537 (0x10001)
root@debian7:~/openswan_doc#
root@debian7:~/openswan_doc# openssl req -new -key deb7.key -x509 -out deb7.cert
You are about to be asked to enter information that will be incorporated
into your certificate request.
What you are about to enter is what is called a Distinguished Name or a DN.
There are quite a few fields but you can leave some blank
For some fields there will be a default value,
If you enter '.', the field will be left blank.
-----
Country Name (2 letter code) [AU]:
State or Province Name (full name) [Some-State]:
Locality Name (eg, city) []:
Organization Name (eg, company) [Internet Widgits Pty Ltd]:
Organizational Unit Name (eg, section) []:
Common Name (e.g. server FQDN or YOUR name) []:deb7
Email Address []:deb7@gmail.com
root@debian7:~/openswan_doc#
root@debian7:~/openswan_doc# ls
command.sh  deb7.cert  deb7.key
root@debian7:~/openswan_doc#
root@debian7:~/openswan_doc#

... placing them

root@debian7:/etc/ipsec.d/certs# cp /root/openswan_doc/deb7.cert .
root@debian7:/etc/ipsec.d/certs# ls
deb7.cert
root@debian7:/etc/ipsec.d/certs# cp /root/openswan_doc/deb7.key ../private/
root@debian7:/etc/ipsec.d/certs# cd ../private/
root@debian7:/etc/ipsec.d/private# ls
deb7.key
root@debian7:/etc/ipsec.d/private#


root@debian7:~# cat /etc/ipsec.conf
version 2.0
config setup
        nat_traversal=yes
        virtual_private=%v4:10.0.0.0/8,%v4:192.168.0.0/16,%v4:172.16.0.0/12
        oe=off
        protostack=netkey

conn linux-linux
        authby=rsasig
        auto=start
        type=tunnel
        left=192.168.179.129
        leftcert=deb7.cert
        right=192.168.179.128
        rightcert=deb7.9cert
root@debian7:~#
root@debian7:~# cat /etc/ipsec.secrets

# this file is managed with debconf and will contain the automatically created RSA keys
#include /var/lib/openswan/ipsec.secrets.inc
#192.168.179.129 %any: PSK "123456"
192.168.179.129 192.168.179.128: RSA /etc/ipsec.d/private/deb7.key
root@debian7:~#

.... if we have any error like then we have to remove the passphrass from private key file.

... 003 "/etc/ipsec.secrets" line 25: error loading RSA private key file


root@deb-7:~/masum_cert# openssl rsa -passin pass:**** -in deb7.key -out deb7.key
