

... in solaris packages are installed in system by the command of pkg

bash-3.2# pkg
pkg-config  pkgadd      pkgask      pkgcond     pkginfo     pkgparam    pkgrm       
pkg2du      pkgadm      pkgchk      pkgdep      pkgmk       pkgproto    pkgtrans    
bash-3.2#    

bash-3.2# pkgadd -d http://get.opencsw.org/now -G CSWpkgutil

... for example on above -d options is telling from where to collect the 
... package location can be disk, cd, locale hard disks or even from 
... internet as like above. and -G options is telling the name of the package

... to remove we use the pkgrm command while pkginfo tells the information 
... related to packge installed. to apply the patch patchadd command is used.
... the syntax is "patchadd patch_id" similarly to remove the patch 
... "patchrm patch_id" is used.

bash-3.2# pkginfo SUNWcsr SUNWcsu
system      SUNWcsr Core Solaris, (Root)
system      SUNWcsu Core Solaris, (Usr)
bash-3.2# 

... installing package from network file system.

# mount -F nfs -o ro package-server:/latest-packages /mnt
# pkgadd -d /mnt SUNWpl5u

... installing from the web with the pkg format.

# pkgadd -d http://install/xf86-4.3.0-video.pkg

## Downloading...
..............25%..............50%..............75%..............100%
## Download Complete

... /var/spool/pkg directory is the default packages location therefore. when to 
... install anything from this location just type the following command

# pkgadd SUNWpl5p

... listing info of installed packages

bash-3.2# pkginfo | less
system      BRCMbnx                          Broadcom NetXtreme II Gigabit Ethernet Adapter Driver
system      BRCMbnxe                         Broadcom NetXtreme II 10GbE NIC Driver
system      CADP160                          Adaptec Ultra160 SCSI Host Adapter Driver
system      CPQary3                          HP Smart Array HBA Driver
application CSWpkgutil                       pkgutil - Installs Solaris packages easily
system      HPFC                             Agilent Fibre Channel HBA Driver


bash-3.2# pkginfo -l BRCMbnx
   PKGINST:  BRCMbnx
      NAME:  Broadcom NetXtreme II Gigabit Ethernet Adapter Driver
  CATEGORY:  system
      ARCH:  i386
   VERSION:  11.10.0,REV=2007.06.20.13.12
   BASEDIR:  /
    VENDOR:  Broadcom Corporation, Inc.
      DESC:  Broadcom NetXtreme II Gigabit Ethernet PCI-X/PCIE Adapter Driver
    PSTAMP:  on10ptchfeatx20130110214023
  INSTDATE:  Jun 12 2017 02:04
   HOTLINE:  Please contact your local service provider
    STATUS:  completely installed
     FILES:        6 installed pathnames
                   3 shared pathnames
                   3 directories
                   2 executables
                2117 blocks used (approx)

bash-3.2# 

... integrity check is done by the following command

bash-3.2# pkgchk -c SUNWbash
bash-3.2# 
bash-3.2# pkgchk -a SUNWbash
bash-3.2# 
bash-3.2# pkgchk -lp /usr/sbin/pkgadd

Pathname: /usr/sbin/pkgadd
Type: regular file
Expected mode: 0555
Expected owner: root
Expected group: sys
Expected file size (bytes): 282124
Expected sum(1) of contents: 1887
Expected last modification: Nov 16 04:06:16 2012
Referenced by the following packages:
SUNWpkgcmdsu   
Current status: installed

bash-3.2# 

... package dependency

bash-3.2# pkgdep SUNWzsh
SUNWcar
SUNWcsd
SUNWcsl
SUNWcsr
SUNWcsu
SUNWkvm
bash-3.2#

.... but we like to download and install the package from the opencsw source which
... is now porting the package from solaris and opensolaris OS. we start from the 
... pkgutils installation.

bash-3.2# pkgadd -d http://get.opencsw.org/now

## Downloading...
..............25%..............50%..............75%..............100%
## Download Complete


The following packages are available:
  1  CSWpkgutil     pkgutil - Installs Solaris packages easily
                    (all) 2.6.7,REV=2014.10.16

Select package(s) you wish to process (or 'all' to process
all packages). (default: all) [?,??,q]: 

Processing package instance <CSWpkgutil> from <http://get.opencsw.org/now>

pkgutil - Installs Solaris packages easily(all) 2.6.7,REV=2014.10.16
Please see /opt/csw/share/doc/pkgutil/license for license information.
## Processing package information.
## Processing system information.
## Verifying package dependencies.
## Verifying disk space requirements.
## Checking for conflicts with packages already installed.
## Checking for setuid/setgid programs.

This package contains scripts which will be executed with super-user
permission during the process of installing this package.

Do you want to continue with the installation of <CSWpkgutil> [y,n,?] y

Installing pkgutil - Installs Solaris packages easily as <CSWpkgutil>

## Installing part 1 of 1.
/etc/opt/csw/pkgutil.conf.CSW
/etc/opt/csw <implied directory>
/opt/csw/bin/pkgutil
/opt/csw <implied directory>
/opt/csw/bin <implied directory>
/opt/csw/etc/pkgutil.conf.CSW
/opt/csw/etc <implied directory>
/opt/csw/libexec/pkgutil/wget-i386
/opt/csw/libexec/pkgutil/wget-sparc
/opt/csw/share/doc/pkgutil/license
/opt/csw/share/doc/pkgutil/readme
/opt/csw/share/man/man1/pkgutil.1
/opt/csw/var/pkgutil/admin.CSW
[ verifying class <none> ]
## Executing postinstall script.

Copying sample pkgutil.conf to /opt/csw/etc.
Copying sample pkgutil.conf to /etc/opt/csw.
Copying sample admin from /opt/csw/var/pkgutil to /var/opt/csw/pkgutil.

NOTE!
NOTE! Make sure to check out any changes in /etc/opt/csw/pkgutil.conf.CSW.
NOTE!

Installation of <CSWpkgutil> was successful.
bash-3.2# 
bash-3.2# cd /opt
bash-3.2# ls 
SUNWits     SUNWmlib    csw         lost+found  ocm
bash-3.2# cd csw
bash-3.2# ls
bin      etc      libexec  share    var
bash-3.2# cd etc
bash-3.2# ls
pkgutil.conf      pkgutil.conf.CSW

... the configuration file of the pkgutil.conf 

bash-3.2# cat pkgutil.conf
# Configuration file for pkgutil

# $Id: pkgutil.conf 448 2012-02-04 14:22:21Z bonivart $

# Master configuration file is placed in /opt/csw/etc. Place a pkgutil.conf
# file in /etc/opt/csw if you want a local override setting-by-setting.

# Nothing below is mandatory to change, pkgutil will use the default values 
# noted below for each option unless something is uncommented.

# Catalog not cached
# Tells your proxy server to disable caching during fetching
# of the catalog and descriptions.
# Default: true
#catalog_not_cached=true

# Catalog update interval
# Number of days between automatic catalog updates. Special cases are -1
# if you want to disable automatic updates and 0 if you always want to
# update the catalog.
# Default: 14
#catalog_update=14

# Filter out CSWcommon from --deptree output
# Set this to true if you don't want to see lots of lines with CSWcommon.
# Default: false
#deptree_filter_common=true

# Exclude pattern
# Space separated list of simple patterns that will exclude matching packages
# when updating or installing.
# Default: blank
#exclude_pattern=

# gpg homedir
# The path to the gpg directory (instead of ~/.gnupg) when verifying the
# catalogs integrity.
# NOTE: we recommend you install the CSWcswpki package for
#       easiest handling of the keys
# Default: blank
#gpg_homedir=

# Max package list length
# During dependency calculation the recursive algorithm needs to be protected
# against cyclic dependencies in the catalog (packages that list each other
# as dependencies) or pkgutil will not stop until memory is exhausted.
# Default: 100000
#maxpkglist=100000

# Mirror to use for downloads
# See http://www.opencsw.org/mirrors for alternative mirrors.
# NOTE: remember to include distribution (e.g. testing) at the end of the url.
# NOTE: you can have multiple mirrors by defining multiple mirror lines.
# Default: http://mirror.opencsw.org/opencsw/testing
#mirror=http://mirror.opencsw.org/opencsw/testing

... 
... we can use the mirror and include new mirror in here.
... the mirror list can be found from this url 
... http://mirror.opencsw.org/status/ and key should be install 
... with the command 

# /opt/csw/bin/wget --output-document=/tmp/gpg.key https://www.opencsw.org/get-it/mirrors/
# /opt/csw/bin/gpg --import /tmp/gpg.key

... or we may do the following

# /opt/csw/bin/pkgutil -i CSWcswpki
# /opt/csw/bin/gpg --edit-key board@opencsw.org trust

...

# Support non-CSW packages
# If you have your own packages that have a different prefix that you want
# to use with pkgutil you must enable this otherwise pkgutil will skip every
# package not prefixed by CSW.
# NOTE: this also affects options like -c/C, however it's easy to filter the
#       output if wanted, e.g. "pkgutil -C CSW".
# Default: false
#noncsw=true

# Options to use for pkgadd
# You can set it to -S to skip displaying the license during install.
# Solaris 10: If you wish to limit pkgutil to installing packages
#             only to the global zone, set it to -G. Note that pkgrm
#             does not have the same option.
# WARNING: do not modify this unless you know what you're doing.
# Default: blank
#pkgaddopts=-G -S

# Style of package list when installing/upgrading packages
# 0 is the one used since the first version of pkgutil, it's space efficient
# but less readable. 1 is the one introduced in v1.7, it's one package per
# line which is easier to read. 2 is the same as 1 but also displays which
# distribution a package comes from, e.g. unstable or stable.
# Default: 2
#pkgliststyle=2

# Options to use for pkgrm
# Solaris 10: If you wish to limit pkgutil to removing packages
#             only in the global zone, set it to -O nozones.
# WARNING: do not modify this unless you know what you're doing.
# Default: blank
#pkgrmopts=-O nozones

# Root path to use
# WARNING: do not modify this unless you know what you're doing.
# Default: /
#root_path=/a

# Show the current list of packages or not
# You can choose to not show the list of current packages to get less output
# when doing operations.
# Default: true
#show_current=true

# How to handle soft errors from hooks that are called
# A hook that exits with code 1 will cause pkgutil to stop. If this value is
# true, exit code 2 will also cause pkgutil to stop. Exit code 2 is a non-fatal
# error condition from a hook and it is a site dependent choice whether or
# not to honour this condition. Set to true to enable.
# Default: false
#stop_on_hook_soft_error=false

# Use of gpg, md5
# To enable use of gpg or md5, uncomment these
# NOTE: it doesn't make sense to use md5 but not gpg so your options should be:
#       1. both disabled, 2. gpg enabled, 3. both enabled.
# Default: false, false
#use_gpg=true
#use_md5=true

# Options to use for wget
# You can also use any option from wgetrc with --execute, e.g.
# "--execute http_proxy=http://proxy.foo.bar".
# WARNING: do not modify this unless you know what you're doing.
# Default: blank
#wgetopts=-U pkgutil

bash-3.2# 

... some of the options can be used with the pkgutil are listed below

bash-3.2# /opt/csw/bin/pkgutil
pkgutil 2.6.7, install Solaris packages the easy way.

Usage: pkgutil [option]... [package](-[version])...

  -i, --install         Install package
  -u, --upgrade         Upgrade package
  -r, --remove          Remove package (experimental)
  -d, --download        Download only
  -U, --catalog         Update catalog
  -a, --available       Show available packages
      --describe        Describe available packages
  -c, --compare         Compare installed packages to current
  -C, --compare-diff    Same as -c but only show different versions
  -A, --compare-avail   Compare available packages to those installed
  -e, --email=address   Send e-mail with available updates
  -t, --temp=site       Temporarily use this site as primary for download
  -x, --exclude=pattern Pattern to exclude
  -W, --workdir=path    Path to use for work directory
  -P, --pkgdir=path     Path to use for package downloads
  -R, --rootpath=path   Path to use for root_path
      --config=file     Use this configuration file
  -y, --yes             Answer yes on all prompts
  -f, --force           Force updates (sync with mirror)
  -n, --nomod           No modifications are made to the system
  -N, --nodeps          No dependencies
  -D, --debug           Debug mode
      --trace           Set trace mode (-v) for pkgadd/pkgrm
  -h, --help            Show this help
  -v, --version         Show version
  -V, --syscheck        System check
  -l, --list            List installed packages
  -L, --listfile        List files in package
  -F, --findfile        Find files in package
      --deptree=depth   Display dependency tree
      --extract         Extract package content (use with -d)
  -s, --stream          Build a package stream (use with -d)
  -o, --output=file     File name for package stream (use with -s)
  -T, --target=arch:rel Specify architecture and OS release for download
      --single          Single package check (use with -c)
  -p, --param=opt:val   Override configuration option
      --parse           Machine parsable output
      --cleanup         Clean up obsolete packages
      --catinfo         Catalog info

Example: pkgutil -i CSWwget (install wget and its dependencies)

Written and maintained by Peter Bonivart. Web site: http://pkgutil.net.

bash-3.2# 

... current settings of the pkgutil is 

bash-3.2# cd /opt/csw/bin
bash-3.2# ./pkgutil -V
- System -
Pkgutil         2.6.7
Arch            i386
Solaris         5.10
Pkg patch       119318 (119318-01 installed)
GPG binary      not found (suggestion: install CSWgnupg)
Gzip binary     /bin/gzip
Mailx binary    /bin/mailx
MD5 binary      not found (suggestion: install CSWcoreutils)
MD5 module      2.33 (primary choice for MD5)
Perl            5.008004
Perl binary     /bin/perl
Wget binary     /usr/sfw/bin/wget
PATH            /usr/sbin:/bin:/usr/bin:/opt/csw/bin

- Configuration -
catalog_not_cached      true (default: true)
catalog_update          14 (default: 14)
deptree_filter_common   false (default: false)
exclude_pattern         not set (default: none)
gpg_homedir             not set (default: none)
maxpkglist              100000 (default: 10000)
mirror                  not set
                        (default: http://mirror.opencsw.org/opencsw/testing)
noncsw                  false (default: false)
pkgaddopts              not set (default: none)
pkgliststyle            2 (default: 0)
pkgrmopts               not set (default: none)
root_path               not set (default: /)
show_current            true (default: true)
stop_on_hook_soft_error not set (default: false)
use_gpg                 false (default: false)
use_md5                 false (default: false)
wgetopts                not set (default: none)
bash-3.2# 


... updating the catalog first

bash-3.2# /opt/csw/bin/pkgutil -U
=> Fetching new catalog and descriptions (http://mirror.opencsw.org/opencsw/testing/i386/5.10) if available ...
==> 3986 packages loaded from /var/opt/csw/pkgutil/catalog.mirror.opencsw.org_opencsw_testing_i386_5.10
bash-3.2# 

... checking the availability of the package in the opencsw 

bash-3.2# /opt/csw/bin/pkgutil -a vim
common               package              catalog                        size
gvim                 CSWgvim              8.0.238,REV=2017.01.30       1.2 MB
vim                  CSWvim               8.0.238,REV=2017.01.30       1.1 MB
vimrt                CSWvimrt             8.0.238,REV=2017.01.30       9.0 MB
bash-3.2# 
bash-3.2# 
bash-3.2# /opt/csw/bin/pkgutil -a htop
common               package              catalog                        size

No exact matches found, doing fuzzy matching for first argument (htop) ...
String::Approx required for fuzzy matching not found, install with pkgutil -i CSWpmstringapprox to enable.
bash-3.2# 
bash-3.2# /opt/csw/bin/pkgutil -a iftop
common               package              catalog                        size
iftop                CSWiftop             1.0pre4,REV=2014.06.18      45.7 KB
bash-3.2# 

... going to install the iftop package from the site 

bash-3.2# /opt/csw/bin/pkgutil -y -i iftop
Solving needed dependencies ...
Solving dependency order ...
Install 6 NEW packages:
        CSWcommon-1.5,REV=2010.12.11 (opencsw/testing)
        CSWiftop-1.0pre4,REV=2014.06.18 (opencsw/testing)
        CSWlibncurses5-5.9,REV=2011.11.21 (opencsw/testing)
        CSWlibpcap1-1.8.1,REV=2017.01.26 (opencsw/testing)
        CSWterminfo-6.0,REV=2016.04.01 (opencsw/testing)
        CSWterminfo-rxvt-unicode-9.20,REV=2014.10.31 (opencsw/testing)
Total size: 975.2 KB
=> Fetching CSWcommon-1.5,REV=2010.12.11 (1/6) ...
=> Fetching CSWterminfo-rxvt-unicode-9.20,REV=2014.10.31 (2/6) ...
=> Fetching CSWterminfo-6.0,REV=2016.04.01 (3/6) ...
=> Fetching CSWlibpcap1-1.8.1,REV=2017.01.26 (4/6) ...
=> Fetching CSWlibncurses5-5.9,REV=2011.11.21 (5/6) ...
=> Fetching CSWiftop-1.0pre4,REV=2014.06.18 (6/6) ...

=> Installing CSWcommon-1.5,REV=2010.12.11 (1/6) ...

Installation of <CSWcommon> was successful.

=> Installing CSWterminfo-rxvt-unicode-9.20,REV=2014.10.31 (2/6) ...
Please see /opt/csw/share/doc/terminfo_rxvt_unicode/license for license information.

Installation of <CSWterminfo-rxvt-unicode> was successful.

=> Installing CSWterminfo-6.0,REV=2016.04.01 (3/6) ...
Please see /opt/csw/share/doc/terminfo/license for license information.

Installation of <CSWterminfo> was successful.

=> Installing CSWlibpcap1-1.8.1,REV=2017.01.26 (4/6) ...
Please see /opt/csw/share/doc/libpcap1/license for license information.

Installation of <CSWlibpcap1> was successful.

=> Installing CSWlibncurses5-5.9,REV=2011.11.21 (5/6) ...
Please see /opt/csw/share/doc/libncurses5/license for license information.

Installation of <CSWlibncurses5> was successful.

=> Installing CSWiftop-1.0pre4,REV=2014.06.18 (6/6) ...
Please see /opt/csw/share/doc/iftop/license for license information.

Installation of <CSWiftop> was successful.

bash-3.2# 

... and installed iftop package can be found in the following directory

bash-3.2# pwd
/opt/csw/sbin
bash-3.2# 
bash-3.2# ls
iftop
bash-3.2# iftop -i e1000g0 -p
bash: iftop: command not found
bash-3.2# ./iftop -i e1000g0 -p
interface: e1000g0
IP address is: 192.168.35.100
MAC address is: 08:00:27:ffffffdd:fffffffa:30
bash-3.2# 
bash-3.2# 



