

... installing kubeadm

... adding repos

[root@kube-master kube]#
cat <<EOF > /etc/yum.repos.d/kubernetes.repo
[kubernetes]
name=Kubernetes
baseurl=https://packages.cloud.google.com/yum/repos/kubernetes-el7-x86_64
enabled=1
gpgcheck=1
repo_gpgcheck=1
gpgkey=https://packages.cloud.google.com/yum/doc/yum-key.gpg https://packages.cloud.google.com/yum/doc/rpm-package-key.gpg
EOF
[root@kube-master kube]#

... enabling repo and update repo and accept key

[root@kube-master kube]# yum update
Loaded plugins: fastestmirror
base                                                                                      | 3.6 kB  00:00:00
centos-virt-xen                                                                           | 2.9 kB  00:00:00
epel/x86_64/metalink                                                                      |  29 kB  00:00:00
extras                                                                                    | 3.4 kB  00:00:00
kubernetes/signature                                                                      |  454 B  00:00:00
Retrieving key from https://packages.cloud.google.com/yum/doc/yum-key.gpg
Importing GPG key 0xA7317B0F:
 Userid     : "Google Cloud Packages Automatic Signing Key <gc-team@google.com>"
 Fingerprint: d0bc 747f d8ca f711 7500 d6fa 3746 c208 a731 7b0f
 From       : https://packages.cloud.google.com/yum/doc/yum-key.gpg
Is this ok [y/N]: y
Retrieving key from https://packages.cloud.google.com/yum/doc/rpm-package-key.gpg
kubernetes/signature                                                                      | 1.4 kB  00:00:03 !!!

... disable selinux

[root@kube-master kube]# setenforce 0

... install kubeadm kubectl kubelet and enable them.

[root@kube-master kube]# yum install -y kubelet kubeadm kubectl
[root@kube-master kube]# systemctl enable kubelet && systemctl start kubelet

... in this case i am only installing kubeadm

[root@kube-master kube]# yum install -y kubeadm

... init kubeadm

[root@kube-node2 ~]# kubeadm init
[init] Using Kubernetes version: v1.9.0
[init] Using Authorization modes: [Node RBAC]
[preflight] Running pre-flight checks.
	[WARNING FileExisting-crictl]: crictl not found in system path
[preflight] Some fatal errors occurred:
	[ERROR Swap]: running with swap on is not supported. Please disable swap
[preflight] If you know what you are doing, you can make a check non-fatal with `--ignore-preflight-errors=...`

[root@kube-node2 ~]# kubeadm init --ignore-preflight-errors=Swap
[init] Using Kubernetes version: v1.9.0
[init] Using Authorization modes: [Node RBAC]
[preflight] Running pre-flight checks.
	[WARNING Swap]: running with swap on is not supported. Please disable swap
	[WARNING FileExisting-crictl]: crictl not found in system path
[preflight] Starting the kubelet service
[certificates] Generated ca certificate and key.
[certificates] Generated apiserver certificate and key.
[certificates] apiserver serving cert is signed for DNS names [kube-node2 kubernetes kubernetes.default kubernetes.default.svc kubernetes.default.svc.cluster.local] and IPs [10.96.0.1 192.168.25.164]
[certificates] Generated apiserver-kubelet-client certificate and key.
[certificates] Generated sa key and public key.
[certificates] Generated front-proxy-ca certificate and key.
[certificates] Generated front-proxy-client certificate and key.
[certificates] Valid certificates and keys now exist in "/etc/kubernetes/pki"
[kubeconfig] Wrote KubeConfig file to disk: "admin.conf"
[kubeconfig] Wrote KubeConfig file to disk: "kubelet.conf"
[kubeconfig] Wrote KubeConfig file to disk: "controller-manager.conf"
[kubeconfig] Wrote KubeConfig file to disk: "scheduler.conf"
