

here we are working for making an ipsec vpn between fortigate utm and a cisco router
the router has the following parameters.

3700(config)#
3700(config)#do show ip inter brief
Interface                  IP-Address      OK? Method Status                Protocol
FastEthernet0/0            10.10.10.10     YES manual up                    up      
FastEthernet0/1            192.168.244.10  YES manual up                    up      
FastEthernet1/0            unassigned      YES unset  administratively down down    
FastEthernet2/0            192.168.35.10   YES manual up                    up      
3700(config)#

we are using the FastEthernet2/0 interface to connect and setup the vpn with the fortigate utm
and the fortigate has the following ip.

FortiGate # show system interface port1
config system interface
    edit "port1"
        set vdom "root"
        set ip 192.168.35.139 255.255.255.0
        set allowaccess ping https ssh http telnet
        set type physical
        set alias "outside"
        set snmp-index 1
    next
end

FortiGate # 

****************now we will configure the cisco vpn first  


3700#show run | begin crypto

crypto isakmp policy 10
 authentication pre-share
 group 5
 lifetime 3600
crypto isakmp key khabir address 192.168.35.139
!
!
crypto ipsec transform-set cisco-set esp-des esp-sha-hmac 
!
crypto ipsec profile cisco-profile
 set transform-set cisco-set 
!
!
!
!
!
interface Tunnel0
 description tunnel from cisco to fortigate
 no ip address
 tunnel source FastEthernet2/0
 tunnel destination 192.168.35.139
 tunnel mode ipsec ipv4
 tunnel protection ipsec profile cisco-profile
!         

### now we will configure the fortigate part.

// the full configuration we can find in two png files called ike_phase1.png and ike_phase2.png file
// the authentication and the encryptions settings are important here. any mismatch will not set 
// the vpn between fortigate and cisco.


// now testing at cisco site.


3700#show crypto ipsec profile 
IPSEC profile cisco-profile
	Security association lifetime: 4608000 kilobytes/3600 seconds
	PFS (Y/N): N
	Transform sets={ 
		cisco-set, 
	}

3700#
3700#

3700#show crypto ipsec sa 

interface: Tunnel0
    Crypto map tag: Tunnel0-head-0, local addr 192.168.35.10

   protected vrf: (none)
   local  ident (addr/mask/prot/port): (0.0.0.0/0.0.0.0/0/0)
   remote ident (addr/mask/prot/port): (0.0.0.0/0.0.0.0/0/0)
   current_peer 192.168.35.139 port 500
     PERMIT, flags={origin_is_acl,}
    #pkts encaps: 0, #pkts encrypt: 0, #pkts digest: 0
    #pkts decaps: 0, #pkts decrypt: 0, #pkts verify: 0
    #pkts compressed: 0, #pkts decompressed: 0
    #pkts not compressed: 0, #pkts compr. failed: 0
    #pkts not decompressed: 0, #pkts decompress failed: 0
    #send errors 0, #recv errors 0

     local crypto endpt.: 192.168.35.10, remote crypto endpt.: 192.168.35.139
     path mtu 1500, ip mtu 1500, ip mtu idb FastEthernet2/0
     current outbound spi: 0x3A68AC5E(979938398)

     inbound esp sas:
      spi: 0xCE6080BA(3462430906)
        transform: esp-des esp-sha-hmac ,
        in use settings ={Tunnel, }
        conn id: 2002, flow_id: SW:2, crypto map: Tunnel0-head-0
        sa timing: remaining key lifetime (k/sec): (4575553/2921)
        IV size: 8 bytes
        replay detection support: Y
        Status: ACTIVE

     inbound ah sas:

     inbound pcp sas:

     outbound esp sas:
      spi: 0x3A68AC5E(979938398)
        transform: esp-des esp-sha-hmac ,
        in use settings ={Tunnel, }
        conn id: 2001, flow_id: SW:1, crypto map: Tunnel0-head-0
        sa timing: remaining key lifetime (k/sec): (4575553/2918)
        IV size: 8 bytes
        replay detection support: Y
        Status: ACTIVE

     outbound ah sas:

     outbound pcp sas:
3700# 

3700#show crypto ipsec security-association 
Security association lifetime: 4608000 kilobytes/3600 seconds

3700#

3700#show crypto ipsec transform-set 
Transform set cisco-set: { esp-des esp-sha-hmac  } 
   will negotiate = { Tunnel,  }, 
   

3700#


// now isakmp related

3700#show crypto isakmp key 
Keyring               Hostname/Address                   Preshared Key

default               192.168.35.139                     khabir
3700#
3700#show crypto isakmp pee 
3700#show crypto isakmp peers 
Peer: 192.168.35.139 Port: 500 Local: 192.168.35.10
 Phase1 id: 192.168.35.139
3700#
3700#
3700#show crypto isakmp po    
3700#show crypto isakmp policy 

Global IKE policy
Protection suite of priority 10
	encryption algorithm:	DES - Data Encryption Standard (56 bit keys).
	hash algorithm:		Secure Hash Standard
	authentication method:	Pre-Shared Key
	Diffie-Hellman group:	#5 (1536 bit)
	lifetime:		3600 seconds, no volume limit
Default protection suite
	encryption algorithm:	DES - Data Encryption Standard (56 bit keys).
	hash algorithm:		Secure Hash Standard
	authentication method:	Rivest-Shamir-Adleman Signature
	Diffie-Hellman group:	#1 (768 bit)
	lifetime:		86400 seconds, no volume limit
3700#
3700#
3700#show crypto isakmp sa     
3700#show crypto isakmp sa 
dst             src             state          conn-id slot status
192.168.35.10   192.168.35.139  QM_IDLE              2    0 ACTIVE

3700#
3700#
3700#show crypto isakmp pro
3700#show crypto isakmp profile 

3700#
3700#
3700#

