


.................... installing packet tracer in ubuntu/debian linux ..................................


root@masum:/home/masum# cd
root@masum:~# 
root@masum:~# 
root@masum:~# apt-get install default-jre
Reading package lists... Done
Building dependency tree       
Reading state information... Done
default-jre is already the newest version.
default-jre set to manually installed.
The following packages were automatically installed and are no longer required:
  axel bkhive comerr-dev florence geoclue geoclue-hostip geoclue-localnet geoclue-manual geoclue-yahoo gir1.2-clutter-gst-1.0
  gir1.2-folks-0.6 gir1.2-gee-1.0 gir1.2-gst-plugins-base-0.10 gir1.2-gtop-2.0 gir1.2-javascriptcoregtk-1.0 gir1.2-webkit-1.0
  html2text lesstif2 libafpclient0 libass4 libatk-adaptor-data libattica0 libcamel-1.2-33 libclucene0ldbl libclutter-gst-1.0-0
  libclutter-imcontext-0.1-0 libclutter-imcontext-0.1-bin libcluttergesture-0.0.2-0 libcolord1 libdconf0 libdirac-decoder0 libdvbpsi7
  libebackend-1.2-2 libebml3 libecal-1.2-11 libedata-cal-1.2-15 libedataserver-1.2-16 libfilter-perl libflorence-1.0-1 libgdu0
  libgee2 libgeoclue0 libgnome-bluetooth10 libgnome-media-profiles-3.0-0 libgnomekbd7 libgphoto2-2 libgphoto2-port0 libgweather-3-0
  libimobiledevice2 libkadm5clnt-mit9 libkidletime4 libmatroska5 libmozjs10d libmusicbrainz5-0 libmx-1.0-2 libmx-bin libmx-common
  libncp libplist1 libproxy0 libpthread-stubs0 librest-extras-0.7-0 libsocialweb-client2 libsocialweb-common libsocialweb-service
  libsocialweb0 libt1-5 libtar0 libtelepathy-logger2 libusbmuxd1 libwebp2 libwireshark2 libwiretap2 libwsutil2 libxen-4.1 libxp6
  libyaml-syck-perl linux-kbuild-3.7 python-packagekit rcconf shared-desktop-ontologies testdisk vim-gui-common wwwconfig-common
Use 'apt-get autoremove' to remove them.
0 upgraded, 0 newly installed, 0 to remove and 343 not upgraded.
root@masum:~# java --version
Unrecognized option: --version
Could not create the Java virtual machine.
root@masum:~# java -version
java version "1.6.0_31"
OpenJDK Runtime Environment (IcedTea6 1.13.3) (6b31-1.13.3-1~deb7u1)
OpenJDK Server VM (build 23.25-b01, mixed mode)
root@masum:~# dpkg --add-architecture i386
root@masum:~# apt-get update
Ign http://ftp.ca.debian.org jessie InRelease                                 
Ign http://packages.linuxmint.com debian InRelease                            
Get:1 http://ftp.ca.debian.org jessie Release.gpg [2,373 B]
Hit http://packages.linuxmint.com debian Release.gpg           
Hit http://packages.linuxmint.com debian Release        
Get:2 http://ftp.ca.debian.org jessie Release [148 kB]  
Hit http://packages.linuxmint.com debian/import i386 Packages
Get:3 http://ftp.ca.debian.org jessie/main Sources [7,059 kB]                                          
Ign http://packages.linuxmint.com debian/import Translation-en_US
Ign http://packages.linuxmint.com debian/import Translation-en
Get:4 http://ftp.ca.debian.org jessie/contrib Sources [50.8 kB]                                                                       
Get:5 http://ftp.ca.debian.org jessie/non-free Sources [99.0 kB]                                                                      
Get:6 http://ftp.ca.debian.org jessie/main i386 Packages [6,789 kB]                                                                   
Get:7 http://ftp.ca.debian.org jessie/contrib i386 Packages [49.5 kB]                                                                 
Get:8 http://ftp.ca.debian.org jessie/non-free i386 Packages [80.4 kB]                                                                
Get:9 http://ftp.ca.debian.org jessie/contrib Translation-en [38.5 kB]                                                                
Get:10 http://ftp.ca.debian.org jessie/main Translation-en [4,583 kB]                                                                 
Get:11 http://ftp.ca.debian.org jessie/non-free Translation-en [72.3 kB]                                                              
Fetched 19.0 MB in 46s (406 kB/s)                                                                                                     
Reading package lists... Done
root@masum:~# 
root@masum:~# 
root@masum:~# apt-get install libc6:i386
Reading package lists... Done
Building dependency tree       
Reading state information... Done
The following packages were automatically installed and are no longer required:
  axel bkhive comerr-dev florence geoclue geoclue-hostip geoclue-localnet geoclue-manual geoclue-yahoo gir1.2-clutter-gst-1.0
  gir1.2-folks-0.6 gir1.2-gee-1.0 gir1.2-gst-plugins-base-0.10 gir1.2-gtop-2.0 gir1.2-javascriptcoregtk-1.0 gir1.2-webkit-1.0
  html2text lesstif2 libafpclient0 libass4 libatk-adaptor-data libattica0 libcamel-1.2-33 libclucene0ldbl libclutter-gst-1.0-0
  libclutter-imcontext-0.1-0 libclutter-imcontext-0.1-bin libcluttergesture-0.0.2-0 libcolord1 libdconf0 libdirac-decoder0 libdvbpsi7
  libebackend-1.2-2 libebml3 libecal-1.2-11 libedata-cal-1.2-15 libedataserver-1.2-16 libfilter-perl libflorence-1.0-1 libgdu0
  libgee2 libgeoclue0 libgnome-bluetooth10 libgnome-media-profiles-3.0-0 libgnomekbd7 libgphoto2-2 libgphoto2-port0 libgweather-3-0
  libimobiledevice2 libkadm5clnt-mit9 libkidletime4 libmatroska5 libmozjs10d libmusicbrainz5-0 libmx-1.0-2 libmx-bin libmx-common
  libncp libplist1 libproxy0 libpthread-stubs0 librest-extras-0.7-0 libsocialweb-client2 libsocialweb-common libsocialweb-service
  libsocialweb0 libt1-5 libtar0 libtelepathy-logger2 libusbmuxd1 libwebp2 libwireshark2 libwiretap2 libwsutil2 libxen-4.1 libxp6
  libyaml-syck-perl linux-kbuild-3.7 python-packagekit rcconf shared-desktop-ontologies testdisk vim-gui-common wwwconfig-common
Use 'apt-get autoremove' to remove them.
The following extra packages will be installed:
  libc-dev-bin libc6-dev libc6-i686
Suggested packages:
  glibc-doc
The following packages will be upgraded:
  libc-dev-bin libc6 libc6-dev libc6-i686
4 upgraded, 0 newly installed, 0 to remove and 514 not upgraded.
Need to get 8,440 kB of archives.
After this operation, 5,120 B of additional disk space will be used.
Do you want to continue? [Y/n] y
Get:1 http://ftp.ca.debian.org/debian/ jessie/main libc6-dev i386 2.19-18+deb8u6 [3,051 kB]
Get:2 http://ftp.ca.debian.org/debian/ jessie/main libc-dev-bin i386 2.19-18+deb8u6 [235 kB]                                          
Get:3 http://ftp.ca.debian.org/debian/ jessie/main libc6 i386 2.19-18+deb8u6 [3,982 kB]                                               
Get:4 http://ftp.ca.debian.org/debian/ jessie/main libc6-i686 i386 2.19-18+deb8u6 [1,171 kB]                                          
Fetched 8,440 kB in 22s (367 kB/s)                                                                                                    
Reading changelogs... Done
Preconfiguring packages ...
(Reading database ... 386098 files and directories currently installed.)
Preparing to unpack .../libc6-dev_2.19-18+deb8u6_i386.deb ...
Unpacking libc6-dev:i386 (2.19-18+deb8u6) over (2.19-18+deb8u4) ...
Preparing to unpack .../libc-dev-bin_2.19-18+deb8u6_i386.deb ...
Unpacking libc-dev-bin (2.19-18+deb8u6) over (2.19-18+deb8u4) ...
Preparing to unpack .../libc6_2.19-18+deb8u6_i386.deb ...
Unpacking libc6:i386 (2.19-18+deb8u6) over (2.19-18+deb8u4) ...
Processing triggers for man-db (2.7.0.2-5) ...
/usr/bin/mandb: can't open /usr/local/man/man1/gns3.1: Permission denied
Setting up libc6:i386 (2.19-18+deb8u6) ...
Processing triggers for libc-bin (2.19-18+deb8u4) ...
(Reading database ... 386098 files and directories currently installed.)
Preparing to unpack .../libc6-i686_2.19-18+deb8u6_i386.deb ...
Unpacking libc6-i686:i386 (2.19-18+deb8u6) over (2.19-18+deb8u4) ...
Setting up libc-dev-bin (2.19-18+deb8u6) ...
Setting up libc6-dev:i386 (2.19-18+deb8u6) ...
Setting up libc6-i686:i386 (2.19-18+deb8u6) ...
Processing triggers for libc-bin (2.19-18+deb8u4) ...
root@masum:~# apt-get install lib32z1 lib32ncurses5 lib32bz2-1.0
Reading package lists... Done
Building dependency tree       
Reading state information... Done
E: Unable to locate package lib32z1
E: Unable to locate package lib32ncurses5
E: Unable to locate package lib32bz2-1.0
E: Couldn't find any package by regex 'lib32bz2-1.0'
root@masum:~# apt-get install libnss3-1d:i386 libqt4-qt3support:i386 libssl1.0.0:i386 libqtwebkit4:i386 libqt4-scripttools:i386
Reading package lists... Done
Building dependency tree       
Reading state information... Done
libnss3-1d is already the newest version.
libnss3-1d set to manually installed.
The following packages were automatically installed and are no longer required:
  axel bkhive comerr-dev florence geoclue geoclue-hostip geoclue-localnet geoclue-manual geoclue-yahoo gir1.2-clutter-gst-1.0
  gir1.2-folks-0.6 gir1.2-gee-1.0 gir1.2-gst-plugins-base-0.10 gir1.2-gtop-2.0 gir1.2-javascriptcoregtk-1.0 gir1.2-webkit-1.0
  html2text lesstif2 libafpclient0 libass4 libatk-adaptor-data libattica0 libcamel-1.2-33 libclucene0ldbl libclutter-gst-1.0-0
  libclutter-imcontext-0.1-0 libclutter-imcontext-0.1-bin libcluttergesture-0.0.2-0 libcolord1 libdconf0 libdirac-decoder0 libdvbpsi7
  libebackend-1.2-2 libebml3 libecal-1.2-11 libedata-cal-1.2-15 libedataserver-1.2-16 libfilter-perl libflorence-1.0-1 libgdu0
  libgee2 libgeoclue0 libgnome-bluetooth10 libgnome-media-profiles-3.0-0 libgnomekbd7 libgphoto2-2 libgphoto2-port0 libgweather-3-0
  libimobiledevice2 libkadm5clnt-mit9 libkidletime4 libmatroska5 libmozjs10d libmusicbrainz5-0 libmx-1.0-2 libmx-bin libmx-common
  libncp libplist1 libproxy0 libpthread-stubs0 librest-extras-0.7-0 libsocialweb-client2 libsocialweb-common libsocialweb-service
  libsocialweb0 libt1-5 libtar0 libtelepathy-logger2 libusbmuxd1 libwebp2 libwireshark2 libwiretap2 libwsutil2 libxen-4.1 libxp6
  libyaml-syck-perl linux-kbuild-3.7 python-packagekit rcconf shared-desktop-ontologies testdisk vim-gui-common wwwconfig-common
Use 'apt-get autoremove' to remove them.
The following extra packages will be installed:
  libqt4-dbus libqt4-declarative libqt4-designer libqt4-help libqt4-network libqt4-opengl libqt4-script libqt4-sql libqt4-sql-mysql
  libqt4-sql-sqlite libqt4-svg libqt4-test libqt4-xml libqt4-xmlpatterns libqtcore4 libqtdbus4 libqtgui4 qdbus qtchooser qtcore4-l10n
Suggested packages:
  libqt4-declarative-folderlistmodel libqt4-declarative-gestures libqt4-declarative-particles libqt4-declarative-shaders
  qt4-qmlviewer libqt4-dev qt4-qtconfig
The following NEW packages will be installed:
  qtchooser qtcore4-l10n
The following packages will be upgraded:
  libqt4-dbus libqt4-declarative libqt4-designer libqt4-help libqt4-network libqt4-opengl libqt4-qt3support libqt4-script
  libqt4-scripttools libqt4-sql libqt4-sql-mysql libqt4-sql-sqlite libqt4-svg libqt4-test libqt4-xml libqt4-xmlpatterns libqtcore4
  libqtdbus4 libqtgui4 libqtwebkit4 libssl1.0.0 qdbus
22 upgraded, 2 newly installed, 0 to remove and 492 not upgraded.
Need to get 29.5 MB of archives.
After this operation, 13.9 MB of additional disk space will be used.
Do you want to continue? [Y/n] y 
Get:1 http://ftp.ca.debian.org/debian/ jessie/main libssl1.0.0 i386 1.0.1t-1+deb8u3 [2,133 kB]
Get:2 http://ftp.ca.debian.org/debian/ jessie/main libqt4-sql-sqlite i386 4:4.8.6+git64-g5dc8b2b+dfsg-3+deb8u1 [63.7 kB]         
Get:3 http://ftp.ca.debian.org/debian/ jessie/main libqt4-svg i386 4:4.8.6+git64-g5dc8b2b+dfsg-3+deb8u1 [184 kB]                      
Get:4 http://ftp.ca.debian.org/debian/ jessie/main libqt4-opengl i386 4:4.8.6+git64-g5dc8b2b+dfsg-3+deb8u1 [361 kB]                   
Get:5 http://ftp.ca.debian.org/debian/ jessie/main libqt4-scripttools i386 4:4.8.6+git64-g5dc8b2b+dfsg-3+deb8u1 [274 kB]              
Get:6 http://ftp.ca.debian.org/debian/ jessie/main libqt4-help i386 4:4.8.6+git64-g5dc8b2b+dfsg-3+deb8u1 [255 kB]                     
Get:7 http://ftp.ca.debian.org/debian/ jessie/main libqt4-qt3support i386 4:4.8.6+git64-g5dc8b2b+dfsg-3+deb8u1 [1,174 kB]             
Get:8 http://ftp.ca.debian.org/debian/ jessie/main libqt4-designer i386 4:4.8.6+git64-g5dc8b2b+dfsg-3+deb8u1 [3,773 kB]               
Get:9 http://ftp.ca.debian.org/debian/ jessie/main libqt4-declarative i386 4:4.8.6+git64-g5dc8b2b+dfsg-3+deb8u1 [1,187 kB]            
Get:10 http://ftp.ca.debian.org/debian/ jessie/main libqtgui4 i386 4:4.8.6+git64-g5dc8b2b+dfsg-3+deb8u1 [4,393 kB]                    
Get:11 http://ftp.ca.debian.org/debian/ jessie/main libqt4-sql-mysql i386 4:4.8.6+git64-g5dc8b2b+dfsg-3+deb8u1 [70.4 kB]              
Get:12 http://ftp.ca.debian.org/debian/ jessie/main libqt4-sql i386 4:4.8.6+git64-g5dc8b2b+dfsg-3+deb8u1 [144 kB]                     
Get:13 http://ftp.ca.debian.org/debian/ jessie/main libqt4-xmlpatterns i386 4:4.8.6+git64-g5dc8b2b+dfsg-3+deb8u1 [1,133 kB]           
Get:14 http://ftp.ca.debian.org/debian/ jessie/main libqt4-network i386 4:4.8.6+git64-g5dc8b2b+dfsg-3+deb8u1 [633 kB]                 
Get:15 http://ftp.ca.debian.org/debian/ jessie/main libqt4-script i386 4:4.8.6+git64-g5dc8b2b+dfsg-3+deb8u1 [884 kB]                  
Get:16 http://ftp.ca.debian.org/debian/ jessie/main libqtdbus4 i386 4:4.8.6+git64-g5dc8b2b+dfsg-3+deb8u1 [231 kB]                     
Get:17 http://ftp.ca.debian.org/debian/ jessie/main libqt4-dbus i386 4:4.8.6+git64-g5dc8b2b+dfsg-3+deb8u1 [45.5 kB]                   
Get:18 http://ftp.ca.debian.org/debian/ jessie/main qdbus i386 4:4.8.6+git64-g5dc8b2b+dfsg-3+deb8u1 [68.5 kB]                         
Get:19 http://ftp.ca.debian.org/debian/ jessie/main qtchooser i386 47-gd2b7997-2 [22.4 kB]                                            
Get:20 http://ftp.ca.debian.org/debian/ jessie/main libqt4-xml i386 4:4.8.6+git64-g5dc8b2b+dfsg-3+deb8u1 [141 kB]                     
Get:21 http://ftp.ca.debian.org/debian/ jessie/main libqt4-test i386 4:4.8.6+git64-g5dc8b2b+dfsg-3+deb8u1 [103 kB]                    
Get:22 http://ftp.ca.debian.org/debian/ jessie/main libqtcore4 i386 4:4.8.6+git64-g5dc8b2b+dfsg-3+deb8u1 [1,665 kB]                   
Get:23 http://ftp.ca.debian.org/debian/ jessie/main qtcore4-l10n all 4:4.8.6+git64-g5dc8b2b+dfsg-3+deb8u1 [654 kB]                    
67% [Connecting to ftp.ca.debian.org (192.175.120.168)]^C                                                                             
root@masum:~# apt-get install libnss3-1d:i386 libqt4-qt3support:i386 libssl1.0.0:i386 libqtwebkit4:i386 libqt4-scripttools:i386
Reading package lists... Done
Building dependency tree       
Reading state information... Done
libnss3-1d is already the newest version.
libnss3-1d set to manually installed.
The following packages were automatically installed and are no longer required:
  axel bkhive comerr-dev florence geoclue geoclue-hostip geoclue-localnet geoclue-manual geoclue-yahoo gir1.2-clutter-gst-1.0
  gir1.2-folks-0.6 gir1.2-gee-1.0 gir1.2-gst-plugins-base-0.10 gir1.2-gtop-2.0 gir1.2-javascriptcoregtk-1.0 gir1.2-webkit-1.0
  html2text lesstif2 libafpclient0 libass4 libatk-adaptor-data libattica0 libcamel-1.2-33 libclucene0ldbl libclutter-gst-1.0-0
  libclutter-imcontext-0.1-0 libclutter-imcontext-0.1-bin libcluttergesture-0.0.2-0 libcolord1 libdconf0 libdirac-decoder0 libdvbpsi7
  libebackend-1.2-2 libebml3 libecal-1.2-11 libedata-cal-1.2-15 libedataserver-1.2-16 libfilter-perl libflorence-1.0-1 libgdu0
  libgee2 libgeoclue0 libgnome-bluetooth10 libgnome-media-profiles-3.0-0 libgnomekbd7 libgphoto2-2 libgphoto2-port0 libgweather-3-0
  libimobiledevice2 libkadm5clnt-mit9 libkidletime4 libmatroska5 libmozjs10d libmusicbrainz5-0 libmx-1.0-2 libmx-bin libmx-common
  libncp libplist1 libproxy0 libpthread-stubs0 librest-extras-0.7-0 libsocialweb-client2 libsocialweb-common libsocialweb-service
  libsocialweb0 libt1-5 libtar0 libtelepathy-logger2 libusbmuxd1 libwebp2 libwireshark2 libwiretap2 libwsutil2 libxen-4.1 libxp6
  libyaml-syck-perl linux-kbuild-3.7 python-packagekit rcconf shared-desktop-ontologies testdisk vim-gui-common wwwconfig-common
Use 'apt-get autoremove' to remove them.
The following extra packages will be installed:
  libqt4-dbus libqt4-declarative libqt4-designer libqt4-help libqt4-network libqt4-opengl libqt4-script libqt4-sql libqt4-sql-mysql
  libqt4-sql-sqlite libqt4-svg libqt4-test libqt4-xml libqt4-xmlpatterns libqtcore4 libqtdbus4 libqtgui4 qdbus qtchooser qtcore4-l10n
Suggested packages:
  libqt4-declarative-folderlistmodel libqt4-declarative-gestures libqt4-declarative-particles libqt4-declarative-shaders
  qt4-qmlviewer libqt4-dev qt4-qtconfig
The following NEW packages will be installed:
  qtchooser qtcore4-l10n
The following packages will be upgraded:
  libqt4-dbus libqt4-declarative libqt4-designer libqt4-help libqt4-network libqt4-opengl libqt4-qt3support libqt4-script
  libqt4-scripttools libqt4-sql libqt4-sql-mysql libqt4-sql-sqlite libqt4-svg libqt4-test libqt4-xml libqt4-xmlpatterns libqtcore4
  libqtdbus4 libqtgui4 libqtwebkit4 libssl1.0.0 qdbus
22 upgraded, 2 newly installed, 0 to remove and 492 not upgraded.
Need to get 9,866 kB/29.5 MB of archives.
After this operation, 13.9 MB of additional disk space will be used.
Do you want to continue? [Y/n] y
Get:1 http://ftp.ca.debian.org/debian/ jessie/main libqtwebkit4 i386 2.3.4.dfsg-3 [9,866 kB]
Fetched 9,866 kB in 44s (219 kB/s)                                                                                                    
Reading changelogs... Done
Preconfiguring packages ...
(Reading database ... 386098 files and directories currently installed.)
Preparing to unpack .../libssl1.0.0_1.0.1t-1+deb8u3_i386.deb ...
Unpacking libssl1.0.0:i386 (1.0.1t-1+deb8u3) over (1.0.1t-1+deb8u2) ...
Preparing to unpack .../libqt4-sql-sqlite_4%3a4.8.6+git64-g5dc8b2b+dfsg-3+deb8u1_i386.deb ...
Unpacking libqt4-sql-sqlite:i386 (4:4.8.6+git64-g5dc8b2b+dfsg-3+deb8u1) over (4:4.8.2+dfsg-11) ...
Preparing to unpack .../libqt4-svg_4%3a4.8.6+git64-g5dc8b2b+dfsg-3+deb8u1_i386.deb ...
Unpacking libqt4-svg:i386 (4:4.8.6+git64-g5dc8b2b+dfsg-3+deb8u1) over (4:4.8.2+dfsg-11) ...
Preparing to unpack .../libqt4-opengl_4%3a4.8.6+git64-g5dc8b2b+dfsg-3+deb8u1_i386.deb ...
Unpacking libqt4-opengl:i386 (4:4.8.6+git64-g5dc8b2b+dfsg-3+deb8u1) over (4:4.8.2+dfsg-11) ...
Preparing to unpack .../libqt4-scripttools_4%3a4.8.6+git64-g5dc8b2b+dfsg-3+deb8u1_i386.deb ...
Unpacking libqt4-scripttools:i386 (4:4.8.6+git64-g5dc8b2b+dfsg-3+deb8u1) over (4:4.8.2+dfsg-11) ...
Preparing to unpack .../libqt4-help_4%3a4.8.6+git64-g5dc8b2b+dfsg-3+deb8u1_i386.deb ...
Unpacking libqt4-help:i386 (4:4.8.6+git64-g5dc8b2b+dfsg-3+deb8u1) over (4:4.8.2+dfsg-11) ...
Preparing to unpack .../libqt4-qt3support_4%3a4.8.6+git64-g5dc8b2b+dfsg-3+deb8u1_i386.deb ...
Unpacking libqt4-qt3support:i386 (4:4.8.6+git64-g5dc8b2b+dfsg-3+deb8u1) over (4:4.8.2+dfsg-11) ...
Preparing to unpack .../libqt4-designer_4%3a4.8.6+git64-g5dc8b2b+dfsg-3+deb8u1_i386.deb ...
Unpacking libqt4-designer:i386 (4:4.8.6+git64-g5dc8b2b+dfsg-3+deb8u1) over (4:4.8.2+dfsg-11) ...
Preparing to unpack .../libqt4-declarative_4%3a4.8.6+git64-g5dc8b2b+dfsg-3+deb8u1_i386.deb ...
Unpacking libqt4-declarative:i386 (4:4.8.6+git64-g5dc8b2b+dfsg-3+deb8u1) over (4:4.8.2+dfsg-11) ...
Preparing to unpack .../libqtgui4_4%3a4.8.6+git64-g5dc8b2b+dfsg-3+deb8u1_i386.deb ...
Unpacking libqtgui4:i386 (4:4.8.6+git64-g5dc8b2b+dfsg-3+deb8u1) over (4:4.8.2+dfsg-11) ...
Preparing to unpack .../libqt4-sql-mysql_4%3a4.8.6+git64-g5dc8b2b+dfsg-3+deb8u1_i386.deb ...
Unpacking libqt4-sql-mysql:i386 (4:4.8.6+git64-g5dc8b2b+dfsg-3+deb8u1) over (4:4.8.2+dfsg-11) ...
Preparing to unpack .../libqt4-sql_4%3a4.8.6+git64-g5dc8b2b+dfsg-3+deb8u1_i386.deb ...
Unpacking libqt4-sql:i386 (4:4.8.6+git64-g5dc8b2b+dfsg-3+deb8u1) over (4:4.8.2+dfsg-11) ...
Preparing to unpack .../libqt4-xmlpatterns_4%3a4.8.6+git64-g5dc8b2b+dfsg-3+deb8u1_i386.deb ...
Unpacking libqt4-xmlpatterns:i386 (4:4.8.6+git64-g5dc8b2b+dfsg-3+deb8u1) over (4:4.8.2+dfsg-11) ...
Preparing to unpack .../libqt4-network_4%3a4.8.6+git64-g5dc8b2b+dfsg-3+deb8u1_i386.deb ...
Unpacking libqt4-network:i386 (4:4.8.6+git64-g5dc8b2b+dfsg-3+deb8u1) over (4:4.8.2+dfsg-11) ...
Preparing to unpack .../libqt4-script_4%3a4.8.6+git64-g5dc8b2b+dfsg-3+deb8u1_i386.deb ...
Unpacking libqt4-script:i386 (4:4.8.6+git64-g5dc8b2b+dfsg-3+deb8u1) over (4:4.8.2+dfsg-11) ...
Preparing to unpack .../libqtdbus4_4%3a4.8.6+git64-g5dc8b2b+dfsg-3+deb8u1_i386.deb ...
Unpacking libqtdbus4:i386 (4:4.8.6+git64-g5dc8b2b+dfsg-3+deb8u1) over (4:4.8.2+dfsg-11) ...
Preparing to unpack .../libqt4-dbus_4%3a4.8.6+git64-g5dc8b2b+dfsg-3+deb8u1_i386.deb ...
Unpacking libqt4-dbus:i386 (4:4.8.6+git64-g5dc8b2b+dfsg-3+deb8u1) over (4:4.8.2+dfsg-11) ...
Preparing to unpack .../qdbus_4%3a4.8.6+git64-g5dc8b2b+dfsg-3+deb8u1_i386.deb ...
Unpacking qdbus (4:4.8.6+git64-g5dc8b2b+dfsg-3+deb8u1) over (4:4.8.2+dfsg-11) ...
Selecting previously unselected package qtchooser.
Preparing to unpack .../qtchooser_47-gd2b7997-2_i386.deb ...
Unpacking qtchooser (47-gd2b7997-2) ...
Preparing to unpack .../libqt4-xml_4%3a4.8.6+git64-g5dc8b2b+dfsg-3+deb8u1_i386.deb ...
Unpacking libqt4-xml:i386 (4:4.8.6+git64-g5dc8b2b+dfsg-3+deb8u1) over (4:4.8.2+dfsg-11) ...
Preparing to unpack .../libqt4-test_4%3a4.8.6+git64-g5dc8b2b+dfsg-3+deb8u1_i386.deb ...
Unpacking libqt4-test:i386 (4:4.8.6+git64-g5dc8b2b+dfsg-3+deb8u1) over (4:4.8.2+dfsg-11) ...
Preparing to unpack .../libqtcore4_4%3a4.8.6+git64-g5dc8b2b+dfsg-3+deb8u1_i386.deb ...
Unpacking libqtcore4:i386 (4:4.8.6+git64-g5dc8b2b+dfsg-3+deb8u1) over (4:4.8.2+dfsg-11) ...
Selecting previously unselected package qtcore4-l10n.
Preparing to unpack .../qtcore4-l10n_4%3a4.8.6+git64-g5dc8b2b+dfsg-3+deb8u1_all.deb ...
Unpacking qtcore4-l10n (4:4.8.6+git64-g5dc8b2b+dfsg-3+deb8u1) ...
Preparing to unpack .../libqtwebkit4_2.3.4.dfsg-3_i386.deb ...
Unpacking libqtwebkit4:i386 (2.3.4.dfsg-3) over (2.2.1-5) ...
Processing triggers for man-db (2.7.0.2-5) ...
/usr/bin/mandb: can't open /usr/local/man/man1/gns3.1: Permission denied
Setting up libssl1.0.0:i386 (1.0.1t-1+deb8u3) ...
Setting up qtcore4-l10n (4:4.8.6+git64-g5dc8b2b+dfsg-3+deb8u1) ...
Setting up libqtcore4:i386 (4:4.8.6+git64-g5dc8b2b+dfsg-3+deb8u1) ...
Setting up libqt4-sql:i386 (4:4.8.6+git64-g5dc8b2b+dfsg-3+deb8u1) ...
Setting up libqt4-sql-sqlite:i386 (4:4.8.6+git64-g5dc8b2b+dfsg-3+deb8u1) ...
Setting up libqtgui4:i386 (4:4.8.6+git64-g5dc8b2b+dfsg-3+deb8u1) ...
Setting up libqt4-svg:i386 (4:4.8.6+git64-g5dc8b2b+dfsg-3+deb8u1) ...
Setting up libqt4-opengl:i386 (4:4.8.6+git64-g5dc8b2b+dfsg-3+deb8u1) ...
Setting up libqt4-xml:i386 (4:4.8.6+git64-g5dc8b2b+dfsg-3+deb8u1) ...
Setting up libqtdbus4:i386 (4:4.8.6+git64-g5dc8b2b+dfsg-3+deb8u1) ...
Setting up libqt4-script:i386 (4:4.8.6+git64-g5dc8b2b+dfsg-3+deb8u1) ...
Setting up libqt4-scripttools:i386 (4:4.8.6+git64-g5dc8b2b+dfsg-3+deb8u1) ...
Setting up libqt4-network:i386 (4:4.8.6+git64-g5dc8b2b+dfsg-3+deb8u1) ...
Setting up libqt4-help:i386 (4:4.8.6+git64-g5dc8b2b+dfsg-3+deb8u1) ...
Setting up libqt4-designer:i386 (4:4.8.6+git64-g5dc8b2b+dfsg-3+deb8u1) ...
Setting up libqt4-qt3support:i386 (4:4.8.6+git64-g5dc8b2b+dfsg-3+deb8u1) ...
Setting up libqt4-xmlpatterns:i386 (4:4.8.6+git64-g5dc8b2b+dfsg-3+deb8u1) ...
Setting up libqt4-declarative:i386 (4:4.8.6+git64-g5dc8b2b+dfsg-3+deb8u1) ...
Setting up libqt4-sql-mysql:i386 (4:4.8.6+git64-g5dc8b2b+dfsg-3+deb8u1) ...
Setting up qtchooser (47-gd2b7997-2) ...
Setting up qdbus (4:4.8.6+git64-g5dc8b2b+dfsg-3+deb8u1) ...
Setting up libqt4-dbus:i386 (4:4.8.6+git64-g5dc8b2b+dfsg-3+deb8u1) ...
Setting up libqt4-test:i386 (4:4.8.6+git64-g5dc8b2b+dfsg-3+deb8u1) ...
Setting up libqtwebkit4:i386 (2.3.4.dfsg-3) ...
Processing triggers for libc-bin (2.19-18+deb8u4) ...
root@masum:~# 
root@masum:~# 
root@masum:~/PacketTracer63# ls
art          bin       extensions  install    lib    set_ptenv.sh  templates     tpl.packettracer
backgrounds  eula.txt  help        LANGUAGES  saves  sounds        tpl.linguist
root@masum:~/PacketTracer63# 
root@masum:~/PacketTracer63# 
root@masum:~/PacketTracer63# ./install 

Welcome to Cisco Packet Tracer 6.3 Installation

Read the following End User License Agreement "EULA" carefully. You must accept the terms of this EULA to install and use Cisco Packet Tracer.
Press the Enter key to read the EULA.


                           Cisco Packet Tracer
                        Software License Agreement

IMPORTANT: PLEASE READ THIS CISCO PACKET TRACER SOFTWARE LICENSE AGREEMENT (THE
"AGREEMENT") CAREFULLY.  DOWNLOADING, INSTALLING OR USING THE CISCO PACKET 
TRACER SOFTWARE CONSTITUTES ACCEPTANCE OF THIS AGREEMENT.  IF YOU DO NOT AGREE
TO ALL OF THE TERMS OF THIS AGREEMENT, THEN CISCO SYSTEMS, INC. ("CISCO") IS 
UNWILLING TO LICENSE THE SOFTWARE TO YOU AND YOU ARE NOT AUTHORIZED TO 
DOWNLOAD, INSTALL OR USE THE SOFTWARE.  

I.      DISTRIBUTION RIGHTS.  The terms in this Section I ("Distribution 
Rights") of the Agreement apply solely to any Cisco Networking Academy 
instructor, administrator or other person or entity approved in writing by 
Cisco Systems, Inc. (each, an "Instructor") to distribute and use the Cisco 
Packet Tracer software and related documentation (collectively, the "Software")
in accordance with the terms and conditions of this Agreement.   

        Subject to the terms and conditions of the End User License Agreement 
        set forth in Section II below (the "EULA"), Cisco grants Instructor a 
        limited, nonexclusive, nontransferable license to distribute the 
        Software using the Permitted Distribution Methods (defined below), 
        during the term of the Agreement to Permitted End Users (defined below)
        solely as reasonably necessary to provide networking training or 
        instruction in accordance with the terms and conditions of the 
        Agreement.  The Permitted Distribution Methods are:  (i) distribution 
        via a password protected website (WAN distribution), Local Area Network
        (LAN distribution) or FTP server; or (ii) distribution via CD's or 
        other tangible media containing the Software.  Instructor shall not 
        remove the EULA from the Software.  Instructor shall use reasonable 
        efforts to ensure Permitted End Users comply with the EULA.  Permitted
        End Users are students, faculty or alumni of Cisco Networking Academy
        or such other individuals or entities approved in writing by Cisco.  
        Instructors shall not make any copies or duplicates of the Software 
        except as reasonably necessary to exercise the rights granted 
        hereunder.  Except to the extent set forth herein, no distribution, 
        marketing or other transfer of the Software is permitted.  Without 
        limiting the generality of the foregoing, the Software may not be 
        copied, licensed, sub-licensed, sold or otherwise distributed in 
        exchange for any fee or value-in-kind.
        
        Instructor acknowledges and agrees that Cisco retains sole and 
        exclusive title and ownership to the Software, including all copies 
        thereof, all Cisco trademarks, designations, logos and other branding 
        for the Software and all intellectual property rights in or to any of 
        the foregoing. 
        
        Cisco may terminate the Distribution Rights granted hereunder for any
        reason or no reason on five (5) business days notice.  Unless earlier
        terminated as set forth in the preceding sentence, the term of this 
        Agreement shall continue until Instructor is no longer a Cisco 
        Networking Academy instructor, administrator or other person or entity
        approved in writing by Cisco to exercise the rights set forth in this 
        Agreement.  
        
II.     The following End User License Agreement or "EULA" shall apply to all 
users of the Software:          

                         End User License Agreement 
BY DOWNLOADING OR INSTALLING THE SOFTWARE YOU ARE BINDING YOURSELF AND/OR THE 
ENTITY THAT YOU REPRESENT (COLLECTIVELY, "USER") TO THIS END USER LICENSE 
AGREEMENT ("EULA").  The following terms of this EULA govern access to and use
of the Software.

License. Conditioned upon compliance with the terms and conditions of this 
EULA, Cisco Systems, Inc. ("Cisco") grants to User a royalty free, personal, 
nonexclusive, nontransferable and revocable license to use the Cisco Packet 
Tracer software and related documentation (collectively, the "Software") solely
to create, display or run network simulations using files with suffixes ".pkt" 
or ".pka" (collectively, "Activities") in connection with Cisco Networking 
Academy or for such other purpose(s) approved by Cisco in writing.   No license
is granted for any other purpose and there are no implied licenses in this 
EULA.  

General Limitations. This is a license, not a transfer of title, to the 
Software and Cisco retains ownership of all copies of the Software.  User 
acknowledges and agrees that Cisco and/or its suppliers own all right, title
and interest in and to the Software, including without limitation, any and all
copyrights, patents, trade secrets, trademarks and other intellectual property
rights therein.  Cisco has the exclusive right to apply for or register any 
patents, mask work rights, copyrights, or such other proprietary protections 
with respect to the Software.  User will not earn or acquire any rights or 
licenses under any copyrights, patents, trade secrets, trademarks or other 
intellectual property rights on account of this EULA.  Except as otherwise 
expressly provided under this EULA, User shall have no right, and User 
specifically agrees not to:

        (i) transfer, assign or sublicense its license rights to any other 
        person or entity, and User acknowledges that any attempted transfer,
        assignment, sublicense or use shall be void;
        
        (ii) make error corrections to or otherwise modify or adapt the 
        Software or create derivative works (excluding Activities) based upon
        the Software, or permit third parties to do the same;
Do you accept the terms of the EULA? (Y)es/(N)o

yes
You have accepted the terms to the EULA. Congratulations. Packet Tracer will now be installed.
Enter location to install Cisco Packet Tracer or press enter for default [/opt/pt]: 
Installing into /opt/pt
Copied all files successfully to /opt/pt


Should we create a symbolic link "packettracer" in /usr/local/bin for easy Cisco Packet Tracer startup? [Yn] Y
Type "packettracer" in a terminal to start Cisco Packet Tracer
Writing PT6HOME environment variable to /etc/profile

Cisco Packet Tracer 6.3 installed successfully
root@masum:~/PacketTracer63# 
root@masum:~/PacketTracer63# 
root@masum:~/PacketTracer63# 
root@masum:~/PacketTracer63# ls
art          bin       extensions  install    lib    set_ptenv.sh  templates     tpl.packettracer
backgrounds  eula.txt  help        LANGUAGES  saves  sounds        tpl.linguist
root@masum:~/PacketTracer63# 
root@masum:~/PacketTracer63# 
root@masum:~/PacketTracer63# chmod +x set_ptenv.sh 
root@masum:~/PacketTracer63# ./set_ptenv.sh 
Using default directory: /opt/pt
Writing PT6HOME environment variable to /etc/profile
root@masum:~/PacketTracer63# 
root@masum:~/PacketTracer63# 
root@masum:~/PacketTracer63# pwd
/root/PacketTracer63
root@masum:~/PacketTracer63# packettracer


