

... installation of archlinux server

root@archiso ~ # lsblk
NAME  MAJ:MIN RM  SIZE RO TYPE MOUNTPOINT
loop0   7:0    0  463M  1 loop /run/archiso/sfs/airootfs
sda     8:0    0   10G  0 disk 
sr0    11:0    1  574M  0 rom  /run/archiso/bootmnt
root@archiso ~ # 

root@archiso ~ # fdisk /dev/sda

Welcome to fdisk (util-linux 2.32).
Changes will remain in memory only, until you decide to write them.
Be careful before using the write command.

Device does not contain a recognized partition table.
Created a new DOS disklabel with disk identifier 0x1e5d1247.

Command (m for help): m

Command (m for help): n
Partition type
   p   primary (0 primary, 0 extended, 4 free)
   e   extended (container for logical partitions)
Select (default p): p
Partition number (1-4, default 1): 1
First sector (2048-20971519, default 2048): 
Last sector, +sectors or +size{K,M,G,T,P} (2048-20971519, default 20971519): +1000M

Created a new partition 1 of type 'Linux' and of size 1000 MiB.

Command (m for help): t
Selected partition 1
Hex code (type L to list all codes): L

Hex code (type L to list all codes): 82
Changed type of partition 'Linux' to 'Linux swap / Solaris'.

Command (m for help): n
Partition type
   p   primary (1 primary, 0 extended, 3 free)
   e   extended (container for logical partitions)
Select (default p): p
Partition number (2-4, default 2): 
First sector (2050048-20971519, default 2050048): 
Last sector, +sectors or +size{K,M,G,T,P} (2050048-20971519, default 20971519): 

Created a new partition 2 of type 'Linux' and of size 9 GiB.

Command (m for help): p
Disk /dev/sda: 10 GiB, 10737418240 bytes, 20971520 sectors
Units: sectors of 1 * 512 = 512 bytes
Sector size (logical/physical): 512 bytes / 512 bytes
I/O size (minimum/optimal): 512 bytes / 512 bytes
Disklabel type: dos
Disk identifier: 0x1e5d1247

Device     Boot   Start      End  Sectors  Size Id Type
/dev/sda1          2048  2050047  2048000 1000M 82 Linux swap / Solaris
/dev/sda2       2050048 20971519 18921472    9G 83 Linux

Command (m for help): m

Command (m for help): w
The partition table has been altered.
Calling ioctl() to re-read partition table.
Syncing disks.

root@archiso ~ # fdisk -l
Disk /dev/sda: 10 GiB, 10737418240 bytes, 20971520 sectors
Units: sectors of 1 * 512 = 512 bytes
Sector size (logical/physical): 512 bytes / 512 bytes
I/O size (minimum/optimal): 512 bytes / 512 bytes
Disklabel type: dos
Disk identifier: 0x1e5d1247

Device     Boot   Start      End  Sectors  Size Id Type
/dev/sda1          2048  2050047  2048000 1000M 82 Linux swap / Solaris
/dev/sda2       2050048 20971519 18921472    9G 83 Linux


Disk /dev/loop0: 463 MiB, 485462016 bytes, 948168 sectors
Units: sectors of 1 * 512 = 512 bytes
Sector size (logical/physical): 512 bytes / 512 bytes
I/O size (minimum/optimal): 512 bytes / 512 bytes
root@archiso ~ # 

... making swap and ext4 filesystem

root@archiso ~ # mkfs.ext4 /dev/sda2
mke2fs 1.44.2 (14-May-2018)
Discarding device blocks: done                            
Creating filesystem with 2365184 4k blocks and 592176 inodes
Filesystem UUID: 9aa54891-6983-46db-acbd-29de4f9b446b
Superblock backups stored on blocks: 
	32768, 98304, 163840, 229376, 294912, 819200, 884736, 1605632

Allocating group tables: done                            
Writing inode tables: done                            
Creating journal (16384 blocks): done
Writing superblocks and filesystem accounting information: done 

root@archiso ~ # mkfs.ext4 /dev/sda1
mke2fs 1.44.2 (14-May-2018)
Discarding device blocks: done                            
Creating filesystem with 256000 4k blocks and 64000 inodes
Filesystem UUID: d24e8632-15b6-4c00-b011-b45624fa7018
Superblock backups stored on blocks: 
	32768, 98304, 163840, 229376

Allocating group tables: done                            
Writing inode tables: done                            
Creating journal (4096 blocks): done
Writing superblocks and filesystem accounting information: done

root@archiso ~ # mkswap /dev/sda1
mkswap: /dev/sda1: warning: wiping old ext4 signature.
Setting up swapspace version 1, size = 1000 MiB (1048571904 bytes)
no label, UUID=c2fb44f4-b31b-4e7a-b270-0437dba9f288
root@archiso ~ # 
root@archiso ~ # swapon /dev/sda1
root@archiso ~ # 

... mounting filesystem and install the system.

root@archiso ~ # mount /dev/sda2 /mnt
root@archiso ~ # pacstrap /mnt base base-devel
root@archiso ~ # 

... configuring the system

root@archiso ~ # genfstab -U /mnt >> /mnt/etc/fstab
root@archiso ~ # arch-chroot /mnt

... configure bootloader, 

root@archiso ~ # pacman -Sy grub
root@archiso ~ # grub-install /dev/sda                                     :(
Installing for i386-pc platform.
Installation finished. No error reported.

... grub install should be run in arch-chroot /mnt place
... if you are out of /mnt the run the arch-chroot /mnt again
... and then run the command grub-install /dev/sda

[root@archiso /]# grub-mkconfig -o /boot/grub/grub.cfg
Generating grub configuration file ...
Found linux image: /boot/vmlinuz-linux
Found initrd image: /boot/initramfs-linux.img
Found fallback initrd image(s) in /boot: initramfs-linux-fallback.img
done
[root@archiso /]# 

... configure root password

[root@archiso /]# passwd
New password: 
Retype new password: 
passwd: password updated successfully
[root@archiso /]# 

... configure hostname 

root@archiso /usr/share/zoneinfo/Europe # cat /etc/hostname 
MasumArch

1 root@archiso ~ # exit                                                         :(

1 root@archiso ~ # ls /usr/share/zoneinfo                                                          :(
Africa      CET      Egypt    GMT0       Iran       MST7MDT  Poland     UTC          right
America     CST6CDT  Eire     GMT+0      Israel     Mexico   Portugal   Universal    zone.tab
Antarctica  Canada   Etc      GMT-0      Jamaica    NZ       ROC        WET          zone1970.tab
Arctic      Chile    Europe   Greenwich  Japan      NZ-CHAT  ROK        W-SU
Asia        Cuba     Factory  HST        Kwajalein  Navajo   Singapore  Zulu
Atlantic    EET      GB       Hongkong   Libya      PRC      Turkey     iso3166.tab
Australia   EST      GB-Eire  Iceland    MET        PST8PDT  UCT        posix
Brazil      EST5EDT  GMT      Indian     MST        Pacific  US         posixrules
root@archiso ~ # 
root@archiso ~ # cd /usr/share/zoneinfo/Europe/         
root@archiso /usr/share/zoneinfo/Europe # 
root@archiso /usr/share/zoneinfo/Europe # ls
Amsterdam   Brussels    Guernsey     Lisbon      Monaco     Rome        Stockholm  Vienna
Andorra     Bucharest   Helsinki     Ljubljana   Moscow     Samara      Tallinn    Vilnius
Astrakhan   Budapest    Isle_of_Man  London      Nicosia    San_Marino  Tirane     Volgograd
Athens      Busingen    Istanbul     Luxembourg  Oslo       Sarajevo    Tiraspol   Warsaw
Belfast     Chisinau    Jersey       Madrid      Paris      Saratov     Ulyanovsk  Zagreb
Belgrade    Copenhagen  Kaliningrad  Malta       Podgorica  Simferopol  Uzhgorod   Zaporozhye
Berlin      Dublin      Kiev         Mariehamn   Prague     Skopje      Vaduz      Zurich
Bratislava  Gibraltar   Kirov        Minsk       Riga       Sofia       Vatican
root@archiso /usr/share/zoneinfo/Europe # 
root@archiso /usr/share/zoneinfo/Europe # 
root@archiso /usr/share/zoneinfo/Europe # ln -sf /usr/share/zoneinfo/Europe/Helsinki /etc/localtime 
root@archiso /usr/share/zoneinfo/Europe # 

root@archiso /usr/share/zoneinfo/Europe # ln -sf /usr/share/zoneinfo/Europe/Helsinki /etc/localtime 

... set clock and lang 

root@archiso /usr/share/zoneinfo/Europe # hwclock --systohc --utc
root@archiso /usr/share/zoneinfo/Europe # 
root@archiso /usr/share/zoneinfo/Europe # 
root@archiso /usr/share/zoneinfo/Europe # locale-gen 
Generating locales...
  en_US.UTF-8... done
Generation complete.
root@archiso /usr/share/zoneinfo/Europe # 

... and finally reboot


