

... installing archlinux using lvm partitioning..

... detect and formate the partition like below.

root@archiso ~ # lsblk

root@archiso ~ # fdisk -l
Disk /dev/sda: 8 GiB, 8589934592 bytes, 16777216 sectors
Units: sectors of 1 * 512 = 512 bytes
Sector size (logical/physical): 512 bytes / 512 bytes
I/O size (minimum/optimal): 512 bytes / 512 bytes
Disklabel type: dos
Disk identifier: 0xbdf7915d

Device     Boot  Start      End  Sectors  Size Id Type
/dev/sda1         2048   206847   204800  100M  4 FAT16 <32M
/dev/sda2       206848 16777215 16570368  7.9G 83 Linux


Disk /dev/loop0: 463 MiB, 485462016 bytes, 948168 sectors
Units: sectors of 1 * 512 = 512 bytes
Sector size (logical/physical): 512 bytes / 512 bytes
I/O size (minimum/optimal): 512 bytes / 512 bytes
root@archiso ~ #

... now will make the 3 lv. boot swap and root

root@archiso ~ # lvs
  LV   VG  Attr       LSize   Pool Origin Data%  Meta%  Move Log Cpy%Sync Convert
  boot vg1 -wi-a----- 500.00m
  root vg1 -wi-a-----   6.41g
  swap vg1 -wi-a-----   1.00g
root@archiso ~ #

... creating filesystem

root@archiso ~ # mkfs.ext4 /dev/vg1/boot
mke2fs 1.44.2 (14-May-2018)
Creating filesystem with 512000 1k blocks and 128016 inodes
Filesystem UUID: b4c6d7ef-45c6-437b-93ac-52eea2da54da
Superblock backups stored on blocks:
	8193, 24577, 40961, 57345, 73729, 204801, 221185, 401409

Allocating group tables: done
Writing inode tables: done
Creating journal (8192 blocks): done
Writing superblocks and filesystem accounting information: done

root@archiso ~ # mkfs.ext4 /dev/vg1/root
mke2fs 1.44.2 (14-May-2018)
Creating filesystem with 1680384 4k blocks and 420160 inodes
Filesystem UUID: 00caf5fc-6945-4773-9bc3-de3d687914d0
Superblock backups stored on blocks:
	32768, 98304, 163840, 229376, 294912, 819200, 884736, 1605632

Allocating group tables: done
Writing inode tables: done
Creating journal (16384 blocks): done
Writing superblocks and filesystem accounting information: done

root@archiso ~ # mkswap /dev/vg1/swap
Setting up swapspace version 1, size = 1024 MiB (1073737728 bytes)
no label, UUID=fcf19276-23a5-4341-b7b0-b797fa626f8b
root@archiso ~ # swapon /dev/vg1/swap

... mounting file system

root@archiso ~ # mount /dev/vg1/root /mnt
root@archiso ~ # mkdir /mnt/boot
root@archiso ~ # mount /dev/vg1/boot /mnt/boot
root@archiso ~ #
root@archiso ~ # mkdir /mnt/hostrun
root@archiso ~ # mount --bind /run /mnt/hostrun
root@archiso ~ #

... install the base system

root@archiso ~ # pacstrap /mnt base base-devel

... install some additional stuff

root@archiso ~ # genfstab -pU /mnt >> /mnt/etc/fstab
root@archiso ~ # arch-chroot /mnt /bin/bash
[root@archiso /]#
[root@archiso /]# locale-gen
Generating locales...
Generation complete.
[root@archiso /]# vi /etc/locale.gen
[root@archiso /]#
[root@archiso /]# grep -e ^# -v /etc/locale.gen
en_US.UTF-8 UTF-8
[root@archiso /]#
[root@archiso /]# locale-gen
Generating locales...
  en_US.UTF-8... done
Generation complete.
[root@archiso /]#

... setup time zone

[root@archiso /]# ln -sf /usr/share/zoneinfo/[Zone]/[SubZone] /etc/localtime
[root@archiso /]# hwclock --systohc --utc
[root@archiso /]#

... installing the boot-loader

[root@archiso /]# mkdir /run/lvm
[root@archiso /]# mount --bind /hostrun/lvm /run/lvm
[root@archiso /]#
[root@archiso /]# pacman -S grub
resolving dependencies...
looking for conflicting packages...

Packages (1) grub-2:2.02-7

Total Download Size:    5.97 MiB
Total Installed Size:  29.95 MiB

:: Proceed with installation? [Y/n] y

root@archiso /]# grub-install --target=i386-pc /dev/sda
Installing for i386-pc platform.
Installation finished. No error reported.
[root@archiso /]#
[root@archiso /]#

... instruct grub to use lvm

[root@archiso /]# vi /etc/default/grub
[root@archiso /]#
[root@archiso /]# cat /etc/default/grub | grep -i grub_preload_modules
#GRUB_PRELOAD_MODULES="part_gpt part_msdos"
GRUB_PRELOAD_MODULES="lvm"
[root@archiso /]#

[root@archiso /]# grub-mkconfig -o /boot/grub/grub.cfg
Generating grub configuration file ...
Found linux image: /boot/vmlinuz-linux
Found initrd image: /boot/initramfs-linux.img
Found fallback initrd image(s) in /boot: initramfs-linux-fallback.img
done
[root@archiso /]#

... add hostname in /etc/hostname and user like below.

[root@archiso /]# useradd -m -g users -G wheel,storage,power masum
[root@archiso /]# passwd masum
New password:
Retype new password:
passwd: password updated successfully
[root@archiso /]#

... add your user in sudoers file using visudo

... enable networking like below

[root@archiso /]# cd /etc/netctl/
[root@archiso netctl]# ls
examples  hooks  interfaces
[root@archiso netctl]# cd examples/
[root@archiso examples]# ls
bonding		 ethernet-dhcp	  macvlan-static  pppoe   vlan-dhcp	 wireless-wep	      wireless-wpa-configsection
bridge		 ethernet-static  mobile_ppp	  tunnel  vlan-static	 wireless-wpa	      wireless-wpa-static
ethernet-custom  macvlan-dhcp	  openvswitch	  tuntap  wireless-open  wireless-wpa-config
[root@archiso examples]#
[root@archiso examples]#
[root@archiso examples]# cp ethernet-dhcp /etc/netctl/ethernet-dhcp
[root@archiso examples]# vi /etc/netctl/ethernet-dhcp
[root@archiso examples]#
[root@archiso examples]# cat /etc/netctl/ethernet-dhcp
Description='A basic dhcp ethernet connection'
Interface=ens3
Connection=ethernet
IP=dhcp
#DHCPClient=dhcpcd
#DHCPReleaseOnStop=no
## for DHCPv6
#IP6=dhcp
#DHCP6Client=dhclient
## for IPv6 autoconfiguration
#IP6=stateless
[root@archiso examples]#

... install openssh and vim

[root@archiso etc]# pacman -S openssh vim

... umount and reboot system

[root@archiso ssh]#
[root@archiso ssh]# exit
exit
umount: /mnt/run: target is busy.
arch-chroot /mnt /bin/bash  4.05s user 3.63s system 0% cpu 14:11.14 total
root@archiso ~ # umount -R /mnt
root@archiso ~ # swapoff -a
root@archiso ~ #
root@archiso ~ # reboot
