

... creating lvm partitioning

root@archiso ~ # 
root@archiso ~ # pvscan
  No matching physical volumes found
root@archiso ~ # 
root@archiso ~ # fdisk -l
Disk /dev/sda: 8 GiB, 8589934592 bytes, 16777216 sectors
Units: sectors of 1 * 512 = 512 bytes
Sector size (logical/physical): 512 bytes / 512 bytes
I/O size (minimum/optimal): 512 bytes / 512 bytes


Disk /dev/loop0: 463 MiB, 485462016 bytes, 948168 sectors
Units: sectors of 1 * 512 = 512 bytes
Sector size (logical/physical): 512 bytes / 512 bytes
I/O size (minimum/optimal): 512 bytes / 512 bytes
root@archiso ~ # 
root@archiso ~ # pvscan
  No matching physical volumes found
root@archiso ~ # 
root@archiso ~ # lvmdiskscan 
  /dev/loop0 [     462.97 MiB] 
  /dev/sda   [       8.00 GiB] 
  1 disk
  1 partition
  0 LVM physical volume whole disks
  0 LVM physical volumes
root@archiso ~ # 
root@archiso ~ # pvcreate /dev/sda
  Physical volume "/dev/sda" successfully created.
root@archiso ~ # pvs
  PV         VG Fmt  Attr PSize PFree
  /dev/sda      lvm2 ---  8.00g 8.00g
root@archiso ~ # 
root@archiso ~ # 
root@archiso ~ # vgcreate vg1 /dev/sda
  Volume group "vg1" successfully created
root@archiso ~ # 
root@archiso ~ # pvscan 
  PV /dev/sda   VG vg1             lvm2 [<8.00 GiB / <8.00 GiB free]
  Total: 1 [<8.00 GiB] / in use: 1 [<8.00 GiB] / in no VG: 0 [0   ]
root@archiso ~ # lvdisplay 
root@archiso ~ # vgscan 
  Reading volume groups from cache.
  Found volume group "vg1" using metadata type lvm2
root@archiso ~ # 
root@archiso ~ # lvmdiskscan 
  /dev/loop0 [     462.97 MiB] 
  /dev/sda   [       8.00 GiB] LVM physical volume
  0 disks
  1 partition
  1 LVM physical volume whole disk
  0 LVM physical volumes
root@archiso ~ # lvcreate -L 1G swap vg1
  Volume group "swap" not found
  Cannot process volume group swap
5 root@archiso ~ # lvcreate -L 1G -n swap vg1                                                                                                         :(
  Logical volume "swap" created.
root@archiso ~ # lvcreate -L 1G -n swap vg1
1 root@archiso ~ #                                                                                                                                    :(
1 root@archiso ~ #                                                                                                                                    :(
1 root@archiso ~ # lvcreate -n root vg1                                                                                                               :(
  No command with matching syntax recognised.  Run 'lvcreate --help' for more information.
3 root@archiso ~ #                                                                                                                                    :(
3 root@archiso ~ # lvcreate -l FREE -n root vg1                                                                                                       :(
  Invalid argument for --extents: FREE
  Error during parsing of command line.
3 root@archiso ~ # lvcreate -l free -n root vg1                                                                                                       :(
  Invalid argument for --extents: free
  Error during parsing of command line.
3 root@archiso ~ #                                                                                                                                    :(
3 root@archiso ~ # vgs                                                                                                                                :(
  VG  #PV #LV #SN Attr   VSize  VFree 
  vg1   1   1   0 wz--n- <8.00g <7.00g
root@archiso ~ #            

root@archiso ~ # lvcreate -l 100%FREE -n root vg1
  Logical volume "root" created.
root@archiso ~ # 
root@archiso ~ # lvs
  LV   VG  Attr       LSize  Pool Origin Data%  Meta%  Move Log Cpy%Sync Convert
  root vg1 -wi-a----- <7.00g                                                    
  swap vg1 -wi-a-----  1.00g                                                    
root@archiso ~ # 

... creating now ext4 and swap partition on these.

root@archiso ~ # mkswap /dev/vg1/swap
Setting up swapspace version 1, size = 1024 MiB (1073737728 bytes)
no label, UUID=f11650d7-8efa-46f9-8b72-6d37945e0c64
root@archiso ~ # 
root@archiso ~ # swapon /dev/vg1/swap

root@archiso ~ # mkfs.ext4 /dev/vg1/root
mke2fs 1.44.2 (14-May-2018)
Creating filesystem with 1833984 4k blocks and 458752 inodes
Filesystem UUID: 305d38e0-4bb9-4bc6-aef5-4ae9bf17c21e
Superblock backups stored on blocks: 
	32768, 98304, 163840, 229376, 294912, 819200, 884736, 1605632

Allocating group tables: done                            
Writing inode tables: done                            
Creating journal (16384 blocks): done
Writing superblocks and filesystem accounting information: done 

root@archiso ~ # 

... now we will mount the system and install the archlinux like below.

zsh: permission denied: /dev/vg1/root
126 root@archiso ~ # mount /dev/vg1/root /mnt                                                                                                         :(
root@archiso ~ # 
root@archiso ~ # pacstrap /mnt base base-devel
==> Creating install root at /mnt
==> Installing packages to /mnt



