


............................. git .......................................


masum@masum:~$ 
masum@masum:~$ git 
usage: git [--version] [--help] [-C <path>] [-c name=value]
           [--exec-path[=<path>]] [--html-path] [--man-path] [--info-path]
           [-p|--paginate|--no-pager] [--no-replace-objects] [--bare]
           [--git-dir=<path>] [--work-tree=<path>] [--namespace=<name>]
           <command> [<args>]

The most commonly used git commands are:
   add        Add file contents to the index
   bisect     Find by binary search the change that introduced a bug
   branch     List, create, or delete branches
   checkout   Checkout a branch or paths to the working tree
   clone      Clone a repository into a new directory
   commit     Record changes to the repository
   diff       Show changes between commits, commit and working tree, etc
   fetch      Download objects and refs from another repository
   grep       Print lines matching a pattern
   init       Create an empty Git repository or reinitialize an existing one
   log        Show commit logs
   merge      Join two or more development histories together
   mv         Move or rename a file, a directory, or a symlink
   pull       Fetch from and integrate with another repository or a local branch
   push       Update remote refs along with associated objects
   rebase     Forward-port local commits to the updated upstream head
   reset      Reset current HEAD to the specified state
   rm         Remove files from the working tree and from the index
   show       Show various types of objects
   status     Show the working tree status
   tag        Create, list, delete or verify a tag object signed with GPG

'git help -a' and 'git help -g' lists available subcommands and some
concept guides. See 'git help <command>' or 'git help <concept>'
to read about a specific subcommand or concept.
masum@masum:~$ pwd
/home/masum
masum@masum:~$ 
masum@masum:~$ 
masum@masum:~$ git init
Initialized empty Git repository in /home/masum/.git/
masum@masum:~$ git init /media/masum/MASUM_32GB/.git
Initialized empty Git repository in /media/masum/MASUM_32GB/.git/.git/
masum@masum:~$ git init /media/masum/MASUM_32GB/
Initialized empty Git repository in /media/masum/MASUM_32GB/.git/
masum@masum:~$ 
masum@masum:~$ cd /media/masum/MASUM_32GB/.git/
masum@masum:/media/masum/MASUM_32GB/.git$ ls
branches  config  description  HEAD  hooks  info  objects  refs
masum@masum:/media/masum/MASUM_32GB/.git$ 

.. adding a folder or file in git 

masum@masum:/media/masum/MASUM_32GB/.git$ git add zim 

.. status of the git 

masum@masum:/media/masum/MASUM_32GB$ git status
On branch master

Initial commit

Changes to be committed:
  (use "git rm --cached <file>..." to unstage)

	new file:   zim/.git.txt.swp
	new file:   zim/.zim/index.db
	new file:   zim/.zim/state.conf
	new file:   zim/AIX/Desktop_1.ini
	new file:   zim/AIX/Desktop_2.ini
	new file:   zim/AIX/day2_prac/Desktop_1.ini
	new file:   zim/AIX/day2_prac/Desktop_2.ini
	new file:   zim/AIX/day2_prac/backup and restore.txt
	new file:   zim/AIX/day2_prac/delete_vg.txt
	new file:   zim/AIX/day2_prac/user_lesson.txt
	new file:   zim/AIX/day3_prac/Desktop_1.ini
	new file:   zim/AIX/day3_prac/Desktop_2.ini
	new file:   zim/AIX/day3_prac/Thumbs.db
	new file:   zim/AIX/day3_prac/appl_wpar.txt
	new file:   zim/AIX/day3_prac/errpt.txt
	new file:   zim/AIX/day3_prac/nfs.txt
	new file:   zim/AIX/day3_prac/tcpip_network_service.txt

// output cut //

.. commit command on date 20.10.2016

masum@masum:/media/masum/MASUM_32GB$ git commit --message "20.10.2016"

*** Please tell me who you are.

Run

  git config --global user.email "you@example.com"
  git config --global user.name "Your Name"

to set your account's default identity.
Omit --global to set the identity only in this repository.

fatal: empty ident name (for <masum@localhost.localdomain>) not allowed
masum@masum:/media/masum/MASUM_32GB$ git config --globab user.email "masumndc1@gmail.com"
error: unknown option `globab'
usage: git config [options]

Config file location
    --global              use global config file
    --system              use system config file
    --local               use repository config file
    -f, --file <file>     use given config file
    --blob <blob-id>      read config from given blob object

Action
    --get                 get value: name [value-regex]
    --get-all             get all values: key [value-regex]
    --get-regexp          get values for regexp: name-regex [value-regex]
    --get-urlmatch        get value specific for the URL: section[.var] URL
    --replace-all         replace all matching variables: name value [value_regex]
    --add                 add a new variable: name value
    --unset               remove a variable: name [value-regex]
    --unset-all           remove all matches: name [value-regex]
    --rename-section      rename section: old-name new-name
    --remove-section      remove a section: name
    -l, --list            list all
    -e, --edit            open an editor
    --get-color <slot>    find the color configured: [default]
    --get-colorbool <slot>
                          find the color setting: [stdout-is-tty]

Type
    --bool                value is "true" or "false"
    --int                 value is decimal number
    --bool-or-int         value is --bool or --int
    --path                value is a path (file or directory name)

Other
    -z, --null            terminate values with NUL byte
    --includes            respect include directives on lookup

masum@masum:/media/masum/MASUM_32GB$ git config --global user.email "masumndc1@gmail.com"
masum@masum:/media/masum/MASUM_32GB$ git config --global user.name "mohammad khabir uddin"
masum@masum:/media/masum/MASUM_32GB$ 

.. now running the command again

masum@masum:/media/masum/MASUM_32GB$ git commit --message "20.10.2016"
[master (root-commit) 72b3967] 20.10.2016
 828 files changed, 91429 insertions(+)
 create mode 100644 zim/.git.txt.swp
 create mode 100644 zim/.zim/index.db
 create mode 100644 zim/.zim/state.conf
 create mode 100644 zim/AIX/Desktop_1.ini
 create mode 100644 zim/AIX/Desktop_2.ini
 create mode 100644 zim/AIX/day2_prac/Desktop_1.ini
 create mode 100644 zim/AIX/day2_prac/Desktop_2.ini
 create mode 100644 zim/AIX/day2_prac/backup and restore.txt
 create mode 100644 zim/AIX/day2_prac/delete_vg.txt
 create mode 100644 zim/AIX/day2_prac/user_lesson.txt
 create mode 100644 zim/AIX/day3_prac/Desktop_1.ini
 create mode 100644 zim/AIX/day3_prac/Desktop_2.ini
 create mode 100644 zim/c/Desktop_2.ini

 // output cut //

.. after changing some files in the zim directory which has been added before
.. we are adding it to out git and commit. it has shown that it has accepted
.. our changes.

masum@masum:/media/masum/MASUM_32GB$ git add zim
masum@masum:/media/masum/MASUM_32GB$ git commit -m "$(date)"
[master 018a6ef] Thu Oct 20 19:48:28 NZDT 2016
 4 files changed, 175 insertions(+), 27 deletions(-)
 create mode 100644 zim/masum.txt
 rewrite zim/text.txt (99%)
masum@masum:/media/masum/MASUM_32GB$ 

.. now once again deleting the file masum of zim folder we add the folder
.. zim to our git repository and run the commit like below.

masum@masum:/media/masum/MASUM_32GB$ git add zim
masum@masum:/media/masum/MASUM_32GB$ git commit -m "$(date)"
[master 7c91652] Thu Oct 20 19:50:53 NZDT 2016
 4 files changed, 20 insertions(+), 63 deletions(-)
 delete mode 100644 zim/masum.txt
 rewrite zim/text.txt (99%)
masum@masum:/media/masum/MASUM_32GB$ 

.. it is showing that masum.txt has been deleted.

.. when we need to know the options of any subcommand of git we do
.. that like below adding -h or --help.

masum@masum:/media/masum/MASUM_32GB$ git add -h
usage: git add [options] [--] <pathspec>...

    -n, --dry-run         dry run
    -v, --verbose         be verbose

    -i, --interactive     interactive picking
    -p, --patch           select hunks interactively
    -e, --edit            edit current diff and apply
    -f, --force           allow adding otherwise ignored files
    -u, --update          update tracked files
    -N, --intent-to-add   record only the fact that the path will be added later
    -A, --all             add changes from all tracked and untracked files
    --ignore-removal      ignore paths removed in the working tree (same as --no-all)
    --refresh             don't add, only refresh the index
    --ignore-errors       just skip files which cannot be added because of errors
    --ignore-missing      check if - even missing - files are ignored in dry run

masum@masum:/media/masum/MASUM_32GB$ git add --refresh zim
masum@masum:/media/masum/MASUM_32GB$ 


