

... installing awscli in centos.

... installing epel repo

yum install epel-release
yum update
yum install awscli

... or we can install using python-pip
... install the python-pip and then install awscli

yum -y install python-pip

[root@nginx yum.repos.d]# pip install --upgrade pip
Collecting pip
  Downloading pip-9.0.1-py2.py3-none-any.whl (1.3MB)
    100% |████████████████████████████████| 1.3MB 570kB/s 
Installing collected packages: pip
  Found existing installation: pip 8.1.2
    Uninstalling pip-8.1.2:
      Successfully uninstalled pip-8.1.2
Successfully installed pip-9.0.1

[root@nginx yum.repos.d]# pip install awscli
Requirement already satisfied: awscli in /usr/lib/python2.7/site-packages
Requirement already satisfied: botocore==1.6.0 in /usr/lib/python2.7/site-packages (from awscli)
Requirement already satisfied: colorama<=0.3.7,>=0.2.5 in /usr/lib/python2.7/site-packages (from awscli)
Requirement already satisfied: docutils>=0.10 in /usr/lib/python2.7/site-packages (from awscli)
Requirement already satisfied: rsa<=3.5.0,>=3.1.2 in /usr/lib/python2.7/site-packages (from awscli)
Requirement already satisfied: s3transfer<0.2.0,>=0.1.9 in /usr/lib/python2.7/site-packages (from awscli)
Requirement already satisfied: PyYAML<=3.12,>=3.10 in /usr/lib64/python2.7/site-packages (from awscli)
Requirement already satisfied: jmespath<1.0.0,>=0.7.1 in /usr/lib/python2.7/site-packages (from botocore==1.6.0)
Requirement already satisfied: python-dateutil<3.0.0,>=1.4 in /usr/lib/python2.7/site-packages (from botocore=li)
Requirement already satisfied: pyasn1>=0.1.3 in /usr/lib/python2.7/site-packages (from rsa<=3.5.0,>=3.1.2->awscli)
Requirement already satisfied: futures<4.0.0,>=2.2.0 in /usr/lib/python2.7/site-packages (from s3transfer<0)
[root@nginx yum.repos.d]# 

... now verifying wether it is installed or not

[masum@nginx playbook]$ aws help ec2
usage: aws [options] <command> <subcommand> [<subcommand> ...] [parameters]
To see help text, you can run:

  aws help
  aws <command> help
  aws <command> <subcommand> help
aws: error: argument subcommand: Invalid choice, valid choices are:

s3-config                                | topics                                  
s3-faq                                   | config-vars                             
return-codes                            
[masum@nginx playbook]$ aws ec2 help

... aws configure command 

[masum@nginx ~]$ aws configure
AWS Access Key ID: ****************
AWS Secret Access Key: ****************
Default region name [None]: 
Default output format [None]: 
[masum@nginx ~]$ 

... after configuring access key id and secret access key any service
... related command will return output in JSON format.

[masum@nginx ~]$ aws route53 list-hosted-zones
{
    "HostedZones": []
}
[masum@nginx ~]$ 

... this output could be a page long. therefore searching something
... from a json output we can use jq. we can install jq in linux system.
... and use jq like grep.

... this is recommended to create the environment variable rathing passing
... info in the command line. the environment file can contains following

export JAVA_HOME=/usr
export EC2_HOME=/usr/local/aws/ec2
export AWS_ACCESS_KEY=your_access_key_ID 
export AWS_SECRET_KEY=your_secret_access_key 
export PATH=$PATH:/usr/local/aws/ec2/bin

... when we run from mac to search for region

macs-MacBook-Pro-2:~ khabir$ aws ec2 describe-regions

{
    "Regions": [
        {
            "Endpoint": "ec2.ap-south-1.amazonaws.com",
            "RegionName": "ap-south-1"

... 

macs-MacBook-Pro-2:~ khabir$  aws ec2 describe-instances --filters "Name=instance-type,Values=t2.micro"
{
    "Reservations": [
        {
            "Groups": [],
            "Instances": [
                {
                    "AmiLaunchIndex": 0,
                    "ImageId": "ami-aa2ea6d0",
                    "InstanceId": "i-0569fa7cd53053707",
                    "InstanceType": "t2.micro",
                    "KeyName": "nginx",
                    "LaunchTime": "2017-12-22T11:28:59.000Z",
                    "Monitoring": {
                        "State": "disabled"

... 


