

... installing apparmor in ubuntu system
... my system is a ubuntu based 17.04 system

root@slave:~# lsb_release  -a
No LSB modules are available.
Distributor ID:	Ubuntu
Description:	Ubuntu 17.04
Release:	17.04
Codename:	zesty
root@slave:~#

... app armor comes with ubuntu operating system 
... if the system is missing the app armor application 
... we can install it and associated component by following

root@slave:~# apt-cache search apparmor
apparmor - user-space parser utility for AppArmor
root@slave:~#

... installing the apparmor-profile by following.

root@slave:~# apt-get install apparmor-profiles

... we can see available profiles in the system by following

root@slave:~# apparmor_status
apparmor module is loaded.
56 profiles are loaded.
19 profiles are in enforce mode.
   /sbin/dhclient
   /usr/bin/lxc-start
   /usr/lib/NetworkManager/nm-dhcp-client.action
   lxc-container-default
   lxc-container-default-cgns
   lxc-container-default-with-mounting
   lxc-container-default-with-nesting
37 profiles are in complain mode.
   /usr/lib/chromium-browser/chromium-browser
   /usr/lib/chromium-browser/chromium-browser//chromium_browser_sandbox
   /usr/lib/chromium-browser/chromium-browser//lsb_release
   /usr/lib/chromium-browser/chromium-browser//xdgsettings
   /usr/lib/dovecot/lmtp
   /usr/sbin/smbldap-useradd
   /usr/sbin/smbldap-useradd///etc/init.d/nscd
   /usr/{sbin/traceroute,bin/traceroute.db}
   klogd
   ping
   syslog-ng
   syslogd
5 processes have profiles defined.
5 processes are in enforce mode.
   /sbin/dhclient (1147)
   /sbin/dhclient (1148)
   /sbin/dhclient (1269)
   /usr/lib/ipsec/charon (1991)
   /usr/sbin/mysqld (1730)
0 processes are in complain mode.
0 processes are unconfined but have a profile defined.
root@slave:~#

... therefore we can see from the above output is 19 profiles
... are in enforce mode while 37 profiles are in complain mode
... when the applications are in complain mode then app armor
... just log the activity without restricting them.

... app armor only restrict the activity of an application
... when the application is in enforce mode.

... as from above we can see that there is no profile for the 
... apache2 therefore we need to create on profile for it.
... we will first install the following component.
... this utils will help to manage the apparmor efficiently

root@slave:~#
root@slave:~# apt-get install apparmor-utils
root@slave:~#

... we can see the file structure of the app armor as follows

root@slave:~# cd /etc/app
apparmor/   apparmor.d/ apport/
root@slave:~# cd /etc/apparmor
root@slave:/etc/apparmor# ls
init  logprof.conf  parser.conf  severity.db  subdomain.conf
root@slave:/etc/apparmor#

root@slave:/etc/apparmor# cd ../apparmor.d/
root@slave:/etc/apparmor.d# ls
abstractions                  usr.lib.dovecot.imap-login
apache2.d                     usr.lib.dovecot.lmtp
bin.ping                      usr.lib.dovecot.log
cache                         usr.lib.dovecot.managesieve
disable                       usr.lib.dovecot.managesieve-login
docker                        usr.lib.dovecot.pop3
force-complain                usr.lib.dovecot.pop3-login
local                         usr.lib.dovecot.ssl-params
lxc                           usr.lib.ipsec.charon
lxc-containers                usr.lib.ipsec.stroke
sbin.dhclient                 usr.lib.snapd.snap-confine.real
sbin.klogd                    usr.sbin.avahi-daemon
sbin.syslogd                  usr.sbin.dnsmasq
sbin.syslog-ng                usr.sbin.dovecot
tunables                      usr.sbin.identd
usr.bin.chromium-browser      usr.sbin.mdnsd
usr.bin.lxc-start             usr.sbin.mysqld
usr.lib.dovecot.anvil         usr.sbin.nmbd
usr.lib.dovecot.auth          usr.sbin.nscd
usr.lib.dovecot.config        usr.sbin.rsyslogd
usr.lib.dovecot.deliver       usr.sbin.smbd
usr.lib.dovecot.dict          usr.sbin.smbldap-useradd
usr.lib.dovecot.dovecot-auth  usr.sbin.tcpdump
usr.lib.dovecot.dovecot-lda   usr.sbin.traceroute
usr.lib.dovecot.imap
root@slave:/etc/apparmor.d#

... now will create on empty profile for apache2 in /etc/apparmor.d/
... and then edit it accordingly

root@slave:/etc/apparmor.d#
root@slave:/etc/apparmor.d# aa-
aa-audit           aa-decode          aa-exec            aa-remove-unknown
aa-autodep         aa-disable         aa-genprof         aa-status
aa-cleanprof       aa-enabled         aa-logprof         aa-unconfined
aa-complain        aa-enforce         aa-mergeprof       aa-update-browser
root@slave:/etc/apparmor.d# aa-autodep apache2
Writing updated profile for /usr/sbin/apache2.
root@slave:/etc/apparmor.d#

... created profile for apache2 is follows

root@slave:/etc/apparmor.d# cat usr.sbin.apache2
# Last Modified: Sun Jun 17 13:30:09 2018
#include <tunables/global>

/usr/sbin/apache2 flags=(complain) {
  #include <abstractions/base>

  /lib/i386-linux-gnu/ld-*.so mr,
  /usr/sbin/apache2 mr,


  ^DEFAULT_URI flags=(complain) {
  }

  ^HANDLING_UNTRUSTED_INPUT flags=(complain) {
  }
}
root@slave:/etc/apparmor.d#

... setting apache2 profile into complain mode

root@slave:/etc/apparmor.d# aa-complain apache2
Setting /usr/sbin/apache2 to complain mode.

root@slave:/etc/apparmor.d# cat usr.sbin.apache2
# Last Modified: Sun Jun 17 13:30:09 2018
#include <tunables/global>

/usr/sbin/apache2 flags=(complain) {
  #include <abstractions/base>

  /lib/i386-linux-gnu/ld-*.so mr,
  /usr/sbin/apache2 mr,


  ^DEFAULT_URI flags=(complain) {
  }

  ^HANDLING_UNTRUSTED_INPUT flags=(complain) {
  }
}
root@slave:/etc/apparmor.d#

... the default created profile is complain.

... now run the aa-logprof for the first time and press A accordingly
... and finally press S to save the profile.

root@slave:/etc/apparmor.d# aa-logprof
Reading log entries from /var/log/syslog.
Updating AppArmor profiles in /etc/apparmor.d.
Complain-mode changes:
Enforce-mode changes:
root@slave:/etc/apparmor.d#

... now we will edit the profile accordingly to our need as follows

root@slave:/etc/apparmor.d# cat -n usr.sbin.apache2
     1	# Last Modified: Sun Jun 17 13:54:34 2018
     2	#include <tunables/global>
     3
     4	/usr/sbin/apache2 {
     5	  #include <abstractions/base>
     6	  #include <abstractions/lxc/container-base>
     7	  #include <abstractions/apache2-common>
     8	  #include <abstractions/nis>
     9
    10	  capability dac_override,
    11	  capability dac_read_search,
    12	  capability net_bind_service,
    13	  capability setgid,
    14	  capability setuid,
    15
    16	  /var/www/html/allow/* r,
    17	  deny /var/www/html/deny/* r,
    18	  /etc/group r,
    19	  /etc/apache2/* r,
    20	  /etc/passwd r,
    21	  /etc/ssl/openssl.cnf r,
    22	  /run/apache2.pid rw,
    23	  /usr/sbin/apache2 mr,
    24	  /var/log/apache2/access.log w,
    25	  /var/log/apache2/error.log w,
    26
    27	  ^DEFAULT_URI {
    28	  }
    29
    30	  ^HANDLING_UNTRUSTED_INPUT {
    31	  }
    32	}
root@slave:/etc/apparmor.d#
root@slave:/etc/apparmor.d# aa-enforce apache2
Setting /usr/sbin/apache2 to enforce mode.
root@slave:/etc/apparmor.d#

... the line deny /var/www/html/deny/* r,
... will deny apache2 to access /var/www/html/deny/. we will
... get forbidden error when we try to access http://<server_ip/name>/deny



