

... ports are collections of metadata which actually describes how
... to build application for freebsd. ports are locates in /usr/ports
... packages are build from ports. we can search for a specific port
... from ports tree.

root@masum:/usr/ports # make search name=iftop
Port:	iftop-1.0.p4
Path:	/usr/ports/net-mgmt/iftop
Info:	Display bandwidth usage on an interface by host
Maint:	vd@FreeBSD.org
B-deps:	
R-deps:	
WWW:	http://www.ex-parrot.com/~pdw/iftop/

root@masum:/usr/ports # 

... this search is done by the utilities of index file.
... we can download and update the indexing by follwoing.
... or rebuild the indexing by following.

root@masum:/usr/ports # make fetchindex
/usr/ports/INDEX-11.bz2                       100% of 2026 kB   37 kBps 00m54s
root@masum:/usr/ports # 

... and making index again

root@masum:/usr/ports # make index
Generating INDEX-11 - please wait..

... this how we install any packages from port

root@masum:/usr/ports/net-mgmt # cd iftop/
root@masum:/usr/ports/net-mgmt/iftop # ls
Makefile	distinfo	pkg-descr
root@masum:/usr/ports/net-mgmt/iftop # 
root@masum:/usr/ports/net-mgmt/iftop # 
root@masum:/usr/ports/net-mgmt/iftop # make install
===>  License GPLv2 accepted by the user
===>   iftop-1.0.p4 depends on file: /usr/local/sbin/pkg - found
=> iftop-1.0pre4.tar.gz doesn't seem to exist in /usr/ports/distfiles/.
=> Attempting to fetch http://www.ex-parrot.com/~pdw/iftop/download/iftop-1.0pre4.tar.gz
iftop-1.0pre4.tar.gz                          100% of  199 kB  110 kBps 00m02s
===> Fetching all distfiles required by iftop-1.0.p4 for building
===>  Extracting for iftop-1.0.p4
=> SHA256 Checksum OK for iftop-1.0pre4.tar.gz.
===>  Patching for iftop-1.0.p4
===>  Configuring for iftop-1.0.p4
configure: loading site script /usr/ports/Templates/config.site
checking build system type... i386-portbld-freebsd11.0
checking host system type... i386-portbld-freebsd11.0
checking target system type... i386-portbld-freebsd11.0
checking for a BSD-compatible install... /usr/bin/install -c
checking whether build environment is sane... yes
checking for a thread-safe mkdir -p... (cached) /bin/mkdir -p
checking for gawk... (cached) /usr/bin/awk
checking whether make sets $(MAKE)... yes
checking whether make supports nested variables... yes
checking for gcc... cc
checking whether the C compiler works... yes
checking for C compiler default output file name... a.out
checking for suffix of executables... 
checking whether we are cross compiling... no
checking for suffix of object files... o
checking whether we are using the GNU C compiler... yes
checking whether cc accepts -g... yes
checking for cc option to accept ISO C89... none needed
checking whether cc understands -c and -o together... yes
checking for style of include used by make... GNU
checking dependency style of cc... gcc3
checking how to run the C preprocessor... cpp
checking for grep that handles long lines and -e... (cached) /usr/bin/grep
checking for egrep... (cached) /usr/bin/egrep
checking for ANSI C header files... (cached) yes
checking for sys/types.h... (cached) yes
checking for sys/stat.h... (cached) yes
checking for stdlib.h... (cached) yes
checking for string.h... (cached) yes
checking for memory.h... (cached) yes
checking for strings.h... (cached) yes
checking for inttypes.h... (cached) yes
checking for stdint.h... (cached) yes
checking for unistd.h... (cached) yes
checking sgtty.h usability... no
checking sgtty.h presence... no
checking for sgtty.h... no
checking for sys/ioctl.h... (cached) yes
checking for sys/time.h... (cached) yes
checking sys/sockio.h usability... yes
checking sys/sockio.h presence... yes
checking for sys/sockio.h... yes
checking termio.h usability... no
checking termio.h presence... no
checking for termio.h... no
checking termios.h usability... yes
checking termios.h presence... yes
checking for termios.h... yes
checking for unistd.h... (cached) yes
checking for an ANSI C-conforming const... yes
checking for size_t... (cached) yes
checking whether time.h and sys/time.h may both be included... yes
checking sys/dlpi.h usability... no
checking sys/dlpi.h presence... no
checking for sys/dlpi.h... no
checking for regcomp... yes
checking for select... (cached) yes
checking for strdup... (cached) yes
checking for strerror... (cached) yes
checking for strspn... yes
checking for library containing socket... none required
checking for library containing log... -lm
checking for gethostbyname... (cached) yes
checking for library containing inet_aton... none required
checking for library containing inet_pton... none required
checking for inet_aton... (cached) yes
checking for inet_pton... yes
checking size of u_int8_t... unknown type
checking size of u_int16_t... unknown type
checking size of u_int32_t... unknown type
checking for stdint.h... (cached) yes
checking for library containing getnameinfo... none required
checking for library containing gethostbyaddr_r... none required
checking how to call gethostbyaddr_r... 8 args, int return
checking gethostbyaddr_r usability... yes
checking where to find pcap.h... /include
checking for pcap_open_live in -lpcap... yes
checking pcap.h usability... yes
checking pcap.h presence... yes
checking for pcap.h... yes
checking for a curses library containing mvchgat... -lcurses
checking POSIX threads compilation... CFLAGS= and LIBS=-lpthread
checking POSIX threads usability... yes
checking if we need to enable promiscuous mode by default... no
checking that generated files are newer than configure... done
configure: creating ./config.status
config.status: creating Makefile
config.status: creating config/Makefile
config.status: creating config.h
config.status: executing depfiles commands
configure: WARNING:
******************************************************************************

This is a pre-release version.  Pre-releases are subject to limited
announcements, and therefore limited circulation, as a means of testing
the more widely circulated final releases.

Please do not be surprised if this release is broken, and if it is broken, do
not assume that someone else has spotted it.  Instead, please drop a note on
the mailing list, or a brief email to me on pdw@ex-parrot.com

Thank you for taking the time to be the testing phase of this development
process.

Paul Warren

******************************************************************************

===>  Building for iftop-1.0.p4
/usr/bin/make  all-recursive
install  -s -m 555 /usr/ports/net-mgmt/iftop/work/iftop-1.0pre4/iftop /usr/ports/net-mgmt/iftop/work/stage/usr/local/sbin
install  -m 444 /usr/ports/net-mgmt/iftop/work/iftop-1.0pre4/iftop.8 /usr/ports/net-mgmt/iftop/work/stage/usr/local/man/man8
/bin/mkdir -p /usr/ports/net-mgmt/iftop/work/stage/usr/local/share/doc/iftop
====> Compressing man pages (compress-man)
===>  Installing for iftop-1.0.p4
===>  Checking if iftop already installed
===>   Registering installation for iftop-1.0.p4
Installing iftop-1.0.p4...
root@masum:/usr/ports/net-mgmt/iftop # 

root@masum:/usr/ports/net-mgmt/iftop # pkg info iftop
iftop-1.0.p4
Name           : iftop
Version        : 1.0.p4
Installed on   : Mon Mar 13 15:21:27 2017 NZDT
Origin         : net-mgmt/iftop
Architecture   : freebsd:11:x86:32
Prefix         : /usr/local
Categories     : net-mgmt
Licenses       : GPLv2
Maintainer     : vd@FreeBSD.org
WWW            : http://www.ex-parrot.com/~pdw/iftop/
Comment        : Display bandwidth usage on an interface by host
Annotations    :
Flat size      : 79.8KiB
Description    :
iftop listens to network traffic on a named interface,  or
on  the  first  interface  it can find which looks like an
external interface if none is specified,  and  displays  a
table of current bandwidth usage by pairs of hosts.  iftop
must be run with sufficient  permissions  to  monitor  all
network  traffic  on  the  interface; see pcap(3) for more
information, but on most systems this means that  it  must
be run as root.

WWW: http://www.ex-parrot.com/~pdw/iftop/

root@masum:/usr/ports/net-mgmt/iftop # 

... after the installation as we do not need the work directory
... any more we can clean up the directory. 

root@masum:/usr/ports/net-mgmt/iftop # ls
Makefile	distinfo	pkg-descr	work
root@masum:/usr/ports/net-mgmt/iftop # 

root@masum:/usr/ports/net-mgmt/iftop # make clean
===>  Cleaning for iftop-1.0.p4
root@masum:/usr/ports/net-mgmt/iftop # ls
Makefile	distinfo	pkg-descr

root@masum:/usr/ports/net-mgmt/iftop # 

... uninstalling the packages

root@masum:/usr/ports/net-mgmt/iftop # make deinstall
===>  Deinstalling for iftop
===>   Deinstalling iftop-1.0.p4
Updating database digests format: 100%
Checking integrity... done (0 conflicting)
Deinstallation has been requested for the following 1 packages (of 0 packages in the universe):

Installed packages to be REMOVED:
	iftop-1.0.p4

Number of packages to be removed: 1
[1/1] Deinstalling iftop-1.0.p4...
[1/1] Deleting files for iftop-1.0.p4: 100%

root@masum:/usr/ports/net-mgmt/iftop # 

... source and ports can be updated by using following

root@masum:/usr/ports/net-mgmt/iftop # freebsd-update fetch
root@masum:/usr/ports/net-mgmt/iftop # freebsd-update install

