


.... database installation

... database and the messaging is the services used by most of the components
... of openstack.

... mariadb or mysql we will use for our installation. other database like
... postgresql can also be used.

⚡ 2006 [08:27 AM]  ~  cd /etc/mysql/
⚡ 2007 [08:27 AM]  /etc/mysql  lss
conf.d  debian.cnf  debian-start  my.cnf
⚡ 2008 [08:27 AM]  /etc/mysql 

... we will set the following under the [mysqld] section.

# localhost which is more compatible and is not less secure.
#bind-address           = 127.0.0.1
bind-address            = 10.10.10.1

... then restart the mysql

 # /etc/init.d/mysql restart
[ ok ] Stopping MySQL database server: mysqld.
[ ok ] Starting MySQL database server: mysqld ..

... as we expected our mysql server is listening to our specified address

 # netstat -antp | grep 3306
 tcp        0      0 10.10.10.1:3306         0.0.0.0:*               LISTEN      12459/mysqld



...... on one of our network node we will install and use the mariadb database
... this will prompt for the root password while installation.

root@openstack:~# apt-get install mariadb-server python-mysqldb python-pymysql

root@openstack:/etc/mysql# cat -n my.cnf | grep bind
    47	#bind-address		= 127.0.0.1
    48	bind-address		= 10.10.10.11
root@openstack:/etc/mysql#

... Create and edit the /etc/mysql/mariadb.conf.d/99-openstack.cnf
... file and complete the follow-ing actions:

[mysqld]
bind-address = 10.0.0.11
default-storage-engine = innodb
innodb_file_per_table = on
max_connections = 4096
collation-server = utf8_general_ci
character-set-server = utf8

root@openstack:/etc/mysql# netstat -antp | grep 3306
tcp        0      0 10.10.10.11:3306        0.0.0.0:*               LISTEN      4972/mysqld
root@openstack:/etc/mysql#

root@openstack:/etc/mysql# /etc/init.d/mysql status
[info] /usr/bin/mysqladmin  Ver 9.1 Distrib 10.0.30-MariaDB, for debian-linux-gnu on i686
Copyright (c) 2000, 2016, Oracle, MariaDB Corporation Ab and others.

Server version		10.0.30-MariaDB-0+deb8u2
Protocol version	10
Connection		Localhost via UNIX socket
UNIX socket		/var/run/mysqld/mysqld.sock
Uptime:			1 min 51 sec

Threads: 1  Questions: 707  Slow queries: 0  Opens: 187  Flush tables: 2  Open tables: 26  Queries per second avg: 6.369.
root@openstack:/etc/mysql#

... therefore mariadb is configured and up and running and waiting for the
... connection on our configured connection and port.

root@openstack:/etc/mysql# mysql -u root -p
Enter password:
Welcome to the MariaDB monitor.  Commands end with ; or \g.
Your MariaDB connection id is 34
Server version: 10.0.30-MariaDB-0+deb8u2 (Debian)

Copyright (c) 2000, 2016, Oracle, MariaDB Corporation Ab and others.

Type 'help;' or '\h' for help. Type '\c' to clear the current input statement.

MariaDB [(none)]>


..... messaging service installation.

... installing messaging: to queue the messaging which will communicates with
... different services. there are various options included like rabbitmq, zeromq and
... qpid. but we are going to install the rabbitmq for us. rabbitmq is an
... Advanced Message Queuing Protocol(AMQP)

 # apt-get install rabbitmq-server

... this will install rabbitmq messaging queue and the required packages.

..... config rabbitmq server

... 1. by default only user from localhost can communicate with rabbitmq. we have to
... change it so that user from other host also can communicate with it.

... 2. we will set one password for the guest user as quest user can also
... connect from other than localhost.

 ⚡ 2018 [09:11 AM]  ~  cd /etc/rabbitmq/
 ⚡ 2020 [09:25 AM]  /etc/rabbitmq   pwd
/etc/rabbitmq
 ⚡ 2021 [09:25 AM]  /etc/rabbitmq   echo '[{rabbit, [{loopback_users, []}]}].' >> /etc/rabbitmq/rabbitmq.config

 ... from the above rabbitmq.config file we are creating one node rabbit. this
 ... we have to create by ourself.

 ⚡ 2022 [09:25 AM]  /etc/rabbitmq   ls
rabbitmq.config
 ⚡ 2023 [09:25 AM]  /etc/rabbitmq   cat rabbitmq.config
[{rabbit, [{loopback_users, []}]}].
 ⚡ 2024 [09:25 AM]  /etc/rabbitmq 

... then we will create the password for the user guest

 # rabbitmqctl change_password guest pass

... enabling some plugins

 # rabbitmq-plugins enable rabbitmq_management
The following plugins have been enabled:
  mochiweb
  webmachine
  rabbitmq_web_dispatch
  amqp_client
  rabbitmq_management_agent
  rabbitmq_management
Plugin configuration has changed. Restart RabbitMQ for changes to take effect.

... now while starting the rabbitmq-server we have encounter the following problems
... which is clearly hostname conflict issue. i have change localhost as hostname
... in both /etc/hosts and /etc/hostname file.

/etc/init.d/rabbitmq-server status
Status of node rabbit@masum ...
Error: unable to connect to node rabbit@masum: nodedown

DIAGNOSTICS
===========

attempted to contact: [rabbit@masum]

rabbit@masum:
  * connected to epmd (port 4369) on masum
  * epmd reports: node 'rabbit' not running at all
                  no other nodes on masum
  * suggestion: start the node

current node details:
- node name: rabbitmqctl27184@masum
- home dir: /var/lib/rabbitmq
- cookie hash: JS9nriGz8mKmvVebj2MpTg==

 ⚡ 2101 [10:11 AM]  /etc/rabbitmq  hostnamectl
   Static hostname: localhost
Transient hostname: masum
         Icon name: computer-laptop
           Chassis: laptop
        Machine ID: 568e62a93efa0431608196c752c6b86b
           Boot ID: 0d818a02272340048f0562f5c4765573
  Operating System: Kali GNU/Linux 2.0 (sana)
            Kernel: Linux 3.2.0-4-686-pae
 ⚡ 2102 [10:11 AM]  /etc/rabbitmq 
 ⚡ 2105 [10:12 AM]  /etc/rabbitmq  hostnamectl set-hostname localhost

... now this should start.

 /etc/init.d/rabbitmq-server start
[ ok ] Starting message broker: rabbitmq-server.
 ⚡ 2116 [10:14 AM]  /etc/rabbitmq 
 ⚡ 2116 [10:14 AM]  /etc/rabbitmq  /etc/init.d/rabbitmq-server statuus
Status of node rabbit@localhost ...
[{pid,28965},
 {running_applications,
     [{rabbitmq_management,"RabbitMQ Management Console","3.3.5"},
      {rabbitmq_web_dispatch,"RabbitMQ Web Dispatcher","3.3.5"},
      {webmachine,"webmachine","1.10.3-rmq3.3.5-gite9359c7"},
      {mochiweb,"MochiMedia Web Server","2.7.0-rmq3.3.5-git680dba8"},
 {uptime,13}]
...done.

 ⚡ 2117 [10:14 AM]  /etc/rabbitmq  cat /var/log/rabbitmq/startup_log

              RabbitMQ 3.3.5. Copyright (C) 2007-2014 GoPivotal, Inc.
  ##  ##      Licensed under the MPL.  See http://www.rabbitmq.com/
  ##  ##
  ##########  Logs: /var/log/rabbitmq/rabbit@localhost.log
  ######  ##        /var/log/rabbitmq/rabbit@localhost-sasl.log
  ##########
              Starting broker... completed with 6 plugins.
 ⚡ 2122 [10:17 AM]  /etc/rabbitmq 
 ⚡ 2122 [10:17 AM]  /etc/rabbitmq  netstat  -antp | grep beam
tcp        0      0 0.0.0.0:25672           0.0.0.0:*               LISTEN      28965/beam.smp
tcp        0      0 0.0.0.0:15672           0.0.0.0:*               LISTEN      28965/beam.smp
tcp        0      0 127.0.0.1:51070         127.0.0.1:4369          ESTABLISHED 28965/beam.smp
tcp6       0      0 :::5672                 :::*                    LISTEN      28965/beam.smp
 ⚡ 2123 [10:18 AM]  /etc/rabbitmq 

 ... now if we browse http://localhost:15672 then we can access the messaging queue

... some additional command to add users

rabbitmqctl delete_user guest
rabbitmqctl add_user openstack rabb1tmqpass
rabbitmqctl set_user_tags openstack administrator
