

... ansible inventory. ansible looks for hosts and group of hosts
... in the /etc/ansible/hosts file

[root@nginx ansible]# 
[root@nginx ansible]# pwd
/etc/ansible
[root@nginx ansible]# tree .
.
├── ansible.cfg
├── hosts
├── hosts.bk
└── roles

1 directory, 3 files
[root@nginx ansible]# cat hosts | grep -v -e ^#

[webservers]
nginx
nginx.masum.com

[dbservers]
127.0.0.1

ansible
192.168.10.130

[root@nginx ansible]# 

... running asible to selected or portion of the host. first the group of host

[masum@nginx playbook]$ ansible-playbook jenkins.yml --ask-become-pass --limit=webservers
SSH password: 
SUDO password[defaults to SSH password]: 

PLAY [all] ******************************

TASK [Gathering Facts] *****************

PLAY RECAP *****************************
nginx                      : ok=0    changed=0    unreachable=1    failed=0   
nginx.masum.com            : ok=0    changed=0    unreachable=1    failed=0   

[masum@nginx playbook]$ 

... then to the single host

[masum@nginx playbook]$ ansible-playbook jenkins.yml --ask-become-pass --limit=ansible


