

... ansible inventory.
... ansible looks for hosts and group of hosts
... in the /etc/ansible/hosts inventory file. inventory file
... simple in ini format and json format when generated automatically.

[root@nginx ansible]# 
[root@nginx ansible]# pwd
/etc/ansible
[root@nginx ansible]# tree .
.
├── ansible.cfg
├── hosts
├── hosts.bk
└── roles

1 directory, 3 files
[root@nginx ansible]# cat hosts | grep -v -e ^#

[webservers]
nginx
nginx.masum.com

[dbservers]
127.0.0.1

// if we run sshd port something different than the default we 
// could have something like following. syntax is hostname:port
// or ip:port

ansible:3333
192.168.10.130

[root@nginx ansible]# 

... say we have host1.masum.com, host2.masum.com, host3.masum.com
... then we could have write like below in our inventory file.

host[1:3].masum.com 

... running asible to selected or portion of the host. first the group of host

[masum@nginx playbook]$ ansible-playbook jenkins.yml --ask-become-pass --limit=webservers
SSH password: 
SUDO password[defaults to SSH password]: 

PLAY [all] ******************************

TASK [Gathering Facts] *****************

PLAY RECAP *****************************
nginx                      : ok=0    changed=0    unreachable=1    failed=0   
nginx.masum.com            : ok=0    changed=0    unreachable=1    failed=0   

[masum@nginx playbook]$ 

... then to the single host

[masum@nginx playbook]$ ansible-playbook jenkins.yml --ask-become-pass --limit=ansible


