

... installing tty linux


... partitioning.


bash-4.2# fdisk -l

Disk /dev/sda: 8589 MB, 8589934592 bytes
255 heads, 63 sectors/track, 1044 cylinders
Units = cylinders of 16065 * 512 = 8225280 bytes

Disk /dev/sda doesn't contain a valid partition table
bash-4.2#
bash-4.2#
bash-4.2# fdisk
BusyBox v1.21.0 (2013-05-27 12:32:57 MST) multi-call binary.

Usage: fdisk [-ul] [-C CYLINDERS] [-H HEADS] [-S SECTORS] [-b SSZ] DISK

Change partition table

	-u		Start and End are in sectors (instead of cylinders)
	-l		Show partition table for each DISK, then exit
	-b 2048		(for certain MO disks) use 2048-byte sectors
	-C CYLINDERS	Set number of cylinders/heads/sectors
	-H HEADS
	-S SECTORS

bash-4.2# fdisk /dev/sda
Device contains neither a valid DOS partition table, nor Sun, SGI, OSF or GPT disklabel
Building a new DOS disklabel. Changes will remain in memory only,
until you decide to write them. After that the previous content
won't be recoverable.


The number of cylinders for this disk is set to 1044.
There is nothing wrong with that, but this is larger than 1024,
and could in certain setups cause problems with:
1) software that runs at boot time (e.g., old versions of LILO)
2) booting and partitioning software from other OSs
   (e.g., DOS FDISK, OS/2 FDISK)

Command (m for help): m
Command Action
a	toggle a bootable flag
b	edit bsd disklabel
c	toggle the dos compatibility flag
d	delete a partition
l	list known partition types
n	add a new partition
o	create a new empty DOS partition table
p	print the partition table
q	quit without saving changes
s	create a new empty Sun disklabel
t	change a partition's system id
u	change display/entry units
v	verify the partition table
w	write table to disk and exit
x	extra functionality (experts only)

Command (m for help): p

Disk /dev/sda: 8589 MB, 8589934592 bytes
255 heads, 63 sectors/track, 1044 cylinders
Units = cylinders of 16065 * 512 = 8225280 bytes

   Device Boot      Start         End      Blocks  Id System

Command (m for help): n
Command action
   e   extended
   p   primary partition (1-4)
p
Partition number (1-4): 1
First cylinder (1-1044, default 1): 1
Last cylinder or +size or +sizeM or +sizeK (1-1044, default 1044): +1000M

Command (m for help): m
Command Action
a	toggle a bootable flag
b	edit bsd disklabel
c	toggle the dos compatibility flag
d	delete a partition
l	list known partition types
n	add a new partition
o	create a new empty DOS partition table
p	print the partition table
q	quit without saving changes
s	create a new empty Sun disklabel
t	change a partition's system id
u	change display/entry units
v	verify the partition table
w	write table to disk and exit
x	extra functionality (experts only)

Command (m for help): p

Disk /dev/sda: 8589 MB, 8589934592 bytes
255 heads, 63 sectors/track, 1044 cylinders
Units = cylinders of 16065 * 512 = 8225280 bytes

   Device Boot      Start         End      Blocks  Id System
/dev/sda1               1         123      987966  83 Linux

Command (m for help): n
Command action
   e   extended
   p   primary partition (1-4)
p
Partition number (1-4): 2
First cylinder (124-1044, default 124):
Using default value 124
Last cylinder or +size or +sizeM or +sizeK (124-1044, default 1044):
Using default value 1044

Command (m for help): p

Disk /dev/sda: 8589 MB, 8589934592 bytes
255 heads, 63 sectors/track, 1044 cylinders
Units = cylinders of 16065 * 512 = 8225280 bytes

   Device Boot      Start         End      Blocks  Id System
/dev/sda1               1         123      987966  83 Linux
/dev/sda2             124        1044     7397932+ 83 Linux

Command (m for help): w
The partition table has been altered.
Calling ioctl() to re-read partition table
bash-4.2#

... making swap and ext2 partition





sh-4.2# mkfs.swap /dev/sda1
Setting up swapspace version 1, size = 1011673088 bytes
UUID=c18ce177-c175-4961-80f9-fe3d3ced8c42
bash-4.2#
bash-4.2# mkfs.ext2 /dev/sda2
mke2fs 1.42.7 (21-Jan-2013)
Filesystem label=
OS type: Linux
Block size=4096 (log=2)
Fragment size=4096 (log=2)
Stride=0 blocks, Stripe width=0 blocks
462384 inodes, 1849483 blocks
92474 blocks (5.00%) reserved for the super user
First data block=0
Maximum filesystem blocks=1895825408
57 block groups
32768 blocks per group, 32768 fragments per group
8112 inodes per group
Superblock backups stored on blocks:
	32768, 98304, 163840, 229376, 294912, 819200, 884736, 1605632

Allocating group tables: done
Writing inode tables: done
Writing superblocks and filesystem accounting information: done

bash-4.2# fdisk -l

Disk /dev/sda: 8589 MB, 8589934592 bytes
255 heads, 63 sectors/track, 1044 cylinders
Units = cylinders of 16065 * 512 = 8225280 bytes

   Device Boot      Start         End      Blocks  Id System
/dev/sda1               1         123      987966  83 Linux
/dev/sda2             124        1044     7397932+ 83 Linux
bash-4.2#
bash-4.2#

... install the ttylinx


bash-4.2# ttylinux-installer -m /dev/hdc /dev/sda2

Install source ttylinux media is mounted on device ....... /dev/hdc.
Install target partition is block device ................. /dev/sda2.
The LILO boot loader will be installed on block device ... /dev/sda.

WARNING ***** the contents of /dev/sda2 will be lost if you proceed.
WARNING ***** overwrite /dev/sda Master Boot Record if you proceed.

Enter 'yes' now to confirm this installation >yes and enter


i> Making new ttylinux file system on /dev/sda2 ..... OK
i> Mounting new ttylinux file system on /dev/sda2 ... OK
i> Mounting ttylinux CD-ROM on /dev/hdc ... OK
i> Installing ttylinux distribution packages.
   ***** Installing ttylinux-x86_64-16.1
=> alsa-lib-1.0.27
=> alsa-utils-1.0.27
=> bash-4.2
=> binutils-2.23
=> busybox-1.21.0
=> calc-2.12.4.4
=> dropbear-2013.58
=> dtach-0.8
=> dvtm-0.9
=> e2fsprogs-1.42.7
=> gcc-4.6.3
=> glibc-2.16.0
=> glibc-devel-2.16.0
=> gmp-5.0.5
=> gpm-1.20.7
=> haserl-0.9.29
=> iptables-1.4.18
=> kmod-13
=> kmodules-3.7.1
=> lilo-23.2
=> lua-5.2.2
=> lynx-2.8.7
=> make-3.82
=> mpc-1.0.1
=> mpfr-3.1.1
=> nano-2.2.6
=> ncurses-5.9
=> ntfs-3g_ntfsprogs-2013.1.13
=> ppp-2.4.5
=> readline-6.2
=> root_extras-nopackage
=> thttpd-2.25b
=> ttylinux-basefs-1.0
=> ttylinux-utils-1.5
=> udev-182
=> util-linux-2.23
i> Installing ttylinux distribution data [/ttylinux] ... DONE
i> Copying ttylinux kernel ....... OK
i> Unmounting ttylinux CD-ROM on /dev/hdc ... OK
i> Updating boot configuration ... OK
i> Updating lilo configuration ... OK

The LILO boot loader will be installed on block device ... /dev/sda.

WARNING ***** overwrite /dev/sda Master Boot Record.

Enter 'yes' now to confirm installing LILO boot loader >yes

i> Installing LILO boot loader.
Warning: Unable to determine video adapter in use in the present system.
Warning: Video adapter does not support VESA BIOS extensions needed for
  display of 256 colors.  Boot loader will fall back to TEXT only operation.
Added ttylinux  *
2 warnings were issued.
i> LILO boot loader installed.
i> Unmounting new ttylinux file system on /dev/sda2 ... OK

i> Installation complete.

bash-4.2#
